
Discarded input sections

 .text          0x00000000        0x0 ./Project_Settings/Startup_Code/startup.o
 .data          0x00000000        0x0 ./Project_Settings/Startup_Code/startup.o
 .bss           0x00000000        0x0 ./Project_Settings/Startup_Code/startup.o
 .group         0x00000000        0x8 ./src/main_Z2.o
 .group         0x00000000        0x8 ./src/main_Z2.o
 .group         0x00000000        0x8 ./src/main_Z2.o
 .group         0x00000000        0x8 ./src/main_Z2.o
 .group         0x00000000        0x8 ./src/main_Z2.o
 .group         0x00000000        0x8 ./src/main_Z2.o
 .group         0x00000000        0x8 ./src/main_Z2.o
 .group         0x00000000        0x8 ./src/main_Z2.o
 .group         0x00000000        0x8 ./src/main_Z2.o
 .group         0x00000000        0x8 ./src/main_Z2.o
 .group         0x00000000        0x8 ./src/main_Z2.o
 .group         0x00000000        0x8 ./src/main_Z2.o
 .group         0x00000000        0x8 ./src/main_Z2.o
 .text          0x00000000        0x0 ./src/main_Z2.o
 .data          0x00000000        0x0 ./src/main_Z2.o
 .bss           0x00000000        0x0 ./src/main_Z2.o
 .data          0x00000000        0x0 ./src/intc_sw_handlers.o
 .bss           0x00000000        0x0 ./src/intc_sw_handlers.o
 .group         0x00000000        0x8 ./src/intc_SW_mode_isr_vectors_MPC5748G.o
 .group         0x00000000        0x8 ./src/intc_SW_mode_isr_vectors_MPC5748G.o
 .group         0x00000000        0x8 ./src/intc_SW_mode_isr_vectors_MPC5748G.o
 .group         0x00000000        0x8 ./src/intc_SW_mode_isr_vectors_MPC5748G.o
 .group         0x00000000        0x8 ./src/intc_SW_mode_isr_vectors_MPC5748G.o
 .group         0x00000000        0x8 ./src/intc_SW_mode_isr_vectors_MPC5748G.o
 .group         0x00000000        0x8 ./src/intc_SW_mode_isr_vectors_MPC5748G.o
 .group         0x00000000        0x8 ./src/intc_SW_mode_isr_vectors_MPC5748G.o
 .group         0x00000000        0x8 ./src/intc_SW_mode_isr_vectors_MPC5748G.o
 .group         0x00000000        0x8 ./src/intc_SW_mode_isr_vectors_MPC5748G.o
 .group         0x00000000        0x8 ./src/intc_SW_mode_isr_vectors_MPC5748G.o
 .group         0x00000000        0x8 ./src/intc_SW_mode_isr_vectors_MPC5748G.o
 .text          0x00000000        0x0 ./src/intc_SW_mode_isr_vectors_MPC5748G.o
 .data          0x00000000        0x0 ./src/intc_SW_mode_isr_vectors_MPC5748G.o
 .bss           0x00000000        0x0 ./src/intc_SW_mode_isr_vectors_MPC5748G.o
 .debug_macro   0x00000000      0x57a ./src/intc_SW_mode_isr_vectors_MPC5748G.o
 .debug_macro   0x00000000       0x52 ./src/intc_SW_mode_isr_vectors_MPC5748G.o
 .debug_macro   0x00000000       0xa0 ./src/intc_SW_mode_isr_vectors_MPC5748G.o
 .debug_macro   0x00000000       0x16 ./src/intc_SW_mode_isr_vectors_MPC5748G.o
 .debug_macro   0x00000000       0x64 ./src/intc_SW_mode_isr_vectors_MPC5748G.o
 .debug_macro   0x00000000      0x1a3 ./src/intc_SW_mode_isr_vectors_MPC5748G.o
 .debug_macro   0x00000000      0x133 ./src/intc_SW_mode_isr_vectors_MPC5748G.o
 .debug_macro   0x00000000       0x9d ./src/intc_SW_mode_isr_vectors_MPC5748G.o
 .debug_macro   0x00000000       0x10 ./src/intc_SW_mode_isr_vectors_MPC5748G.o
 .debug_macro   0x00000000      0x15b ./src/intc_SW_mode_isr_vectors_MPC5748G.o
 .debug_macro   0x00000000       0x28 ./src/intc_SW_mode_isr_vectors_MPC5748G.o
 .debug_macro   0x00000000       0x58 ./src/intc_SW_mode_isr_vectors_MPC5748G.o
 .group         0x00000000        0x8 ./src/Vector.o
 .group         0x00000000        0x8 ./src/Vector.o
 .group         0x00000000        0x8 ./src/Vector.o
 .group         0x00000000        0x8 ./src/Vector.o
 .group         0x00000000        0x8 ./src/Vector.o
 .text          0x00000000        0x0 ./src/Vector.o
 .data          0x00000000        0x0 ./src/Vector.o
 .bss           0x00000000        0x0 ./src/Vector.o
 .debug_macro   0x00000000      0x57a ./src/Vector.o
 .debug_macro   0x00000000       0x52 ./src/Vector.o
 .debug_macro   0x00000000       0xa0 ./src/Vector.o
 .debug_macro   0x00000000       0x16 ./src/Vector.o
 .group         0x00000000        0x8 ./src/MPC57xx__Interrupt_Init.o
 .group         0x00000000        0x8 ./src/MPC57xx__Interrupt_Init.o
 .group         0x00000000        0x8 ./src/MPC57xx__Interrupt_Init.o
 .group         0x00000000        0x8 ./src/MPC57xx__Interrupt_Init.o
 .group         0x00000000        0x8 ./src/MPC57xx__Interrupt_Init.o
 .group         0x00000000        0x8 ./src/MPC57xx__Interrupt_Init.o
 .group         0x00000000        0x8 ./src/MPC57xx__Interrupt_Init.o
 .group         0x00000000        0x8 ./src/MPC57xx__Interrupt_Init.o
 .group         0x00000000        0x8 ./src/MPC57xx__Interrupt_Init.o
 .group         0x00000000        0x8 ./src/MPC57xx__Interrupt_Init.o
 .group         0x00000000        0x8 ./src/MPC57xx__Interrupt_Init.o
 .group         0x00000000        0x8 ./src/MPC57xx__Interrupt_Init.o
 .group         0x00000000        0x8 ./src/MPC57xx__Interrupt_Init.o
 .group         0x00000000        0x8 ./src/MPC57xx__Interrupt_Init.o
 .text          0x00000000        0x0 ./src/MPC57xx__Interrupt_Init.o
 .data          0x00000000        0x0 ./src/MPC57xx__Interrupt_Init.o
 .bss           0x00000000        0x0 ./src/MPC57xx__Interrupt_Init.o
 .debug_macro   0x00000000      0x57a ./src/MPC57xx__Interrupt_Init.o
 .debug_macro   0x00000000       0x52 ./src/MPC57xx__Interrupt_Init.o
 .debug_macro   0x00000000       0xa0 ./src/MPC57xx__Interrupt_Init.o
 .debug_macro   0x00000000       0x16 ./src/MPC57xx__Interrupt_Init.o
 .debug_macro   0x00000000       0x64 ./src/MPC57xx__Interrupt_Init.o
 .debug_macro   0x00000000      0x1a3 ./src/MPC57xx__Interrupt_Init.o
 .debug_macro   0x00000000      0x133 ./src/MPC57xx__Interrupt_Init.o
 .debug_macro   0x00000000       0x9d ./src/MPC57xx__Interrupt_Init.o
 .debug_macro   0x00000000       0x10 ./src/MPC57xx__Interrupt_Init.o
 .debug_macro   0x00000000      0x15b ./src/MPC57xx__Interrupt_Init.o
 .debug_macro   0x00000000       0x28 ./src/MPC57xx__Interrupt_Init.o
 .debug_macro   0x00000000       0x58 ./src/MPC57xx__Interrupt_Init.o
 .debug_macro   0x00000000    0x1814c ./src/MPC57xx__Interrupt_Init.o
 .debug_macro   0x00000000       0x2e ./src/MPC57xx__Interrupt_Init.o

Memory Configuration

Name             Origin             Length             Attributes
flash_rchw       0x00fa0000         0x00000004
cpu0_reset_vec   0x00fa0010         0x00000004
cpu1_reset_vec   0x00fa0014         0x00000004
cpu2_reset_vec   0x00fa0004         0x00000004
m_text           0x013a0000         0x001d0000
m_data           0x40080000         0x00040000
*default*        0x00000000         0xffffffff

Linker script and memory map

LOAD ./Project_Settings/Startup_Code/startup.o
LOAD ./src/main_Z2.o
LOAD ./src/intc_sw_handlers.o
LOAD ./src/intc_SW_mode_isr_vectors_MPC5748G.o
LOAD ./src/Vector.o
LOAD ./src/MPC57xx__Interrupt_Init.o
START GROUP
LOAD C:/Freescale/S32_Power_v1.1/S32DS/e200_ewl2/lib/e200z2\libc99.a
LOAD C:/Freescale/S32_Power_v1.1/S32DS/e200_ewl2/lib/e200z2\libm.a
LOAD c:/freescale/s32_power_v1.1/cross_tools/powerpc-eabivle-4_9/bin/../lib/gcc/powerpc-eabivle/4.9.2/e200z2\libgcc.a
LOAD C:/Freescale/S32_Power_v1.1/S32DS/e200_ewl2/lib/e200z2\librt.a
END GROUP
                0x00000000                __HEAP_SIZE = 0x0
                0x00001000                __STACK_SIZE = 0x1000
                0x00040000                SRAM_SIZE = 0x40000
                0x40080000                SRAM_BASE_ADDR = 0x40080000

.rchw
 *(.rchw)

.cpu0_reset_vector
 *(.cpu0_reset_vector)

.cpu1_reset_vector
 *(.cpu1_reset_vector)

.cpu2_reset_vector
 *(.cpu2_reset_vector)

.startup        0x013a0000      0x1b6
                0x013a0000                __start = .
 *(.startup)
 .startup       0x013a0000      0x1b6 ./Project_Settings/Startup_Code/startup.o
                0x013a0000                _start

.core_exceptions_table
                0x013a1000       0xf4
                0x013a1000                __IVPR_VALUE = .
 *(.core_exceptions_table)
 .core_exceptions_table
                0x013a1000       0xf4 ./src/Vector.o
                0x013a1000                IVOR0_Vector
                0x013a1000                VTABLE
                0x013a1010                IVOR1_Vector
                0x013a1020                IVOR2_Vector
                0x013a1030                IVOR3_Vector
                0x013a1040                IVOR4_Vector
                0x013a1050                IVOR5_Vector
                0x013a1060                IVOR6_Vector
                0x013a1070                IVOR7_Vector
                0x013a1080                IVOR8_Vector
                0x013a1090                IVOR9_Vector
                0x013a10a0                IVOR10_Vector
                0x013a10b0                IVOR11_Vector
                0x013a10c0                IVOR12_Vector
                0x013a10d0                IVOR13_Vector
                0x013a10e0                IVOR14_Vector
                0x013a10f0                IVOR15_Vector

.intc_vector_table
                0x013a2000      0xbc8
 *(.intc_vector_table)
 .intc_vector_table
                0x013a2000      0xbc8 ./src/intc_SW_mode_isr_vectors_MPC5748G.o
                0x013a2000                IntcIsrVectorTable

.text           0x013a2bd0      0x1b0
 *(.text.startup)
 *(.text)
 .text          0x013a2bd0       0x48 ./src/intc_sw_handlers.o
                0x013a2bd0                IVOR4_Handler
 *(.init)
 *(.text.*)
 .text.main     0x013a2c18       0x28 ./src/main_Z2.o
                0x013a2c18                main
 .text.dummy    0x013a2c40        0xc ./src/intc_SW_mode_isr_vectors_MPC5748G.o
                0x013a2c40                dummy
 .text.SetIVPR  0x013a2c4c       0x1a ./src/MPC57xx__Interrupt_Init.o
                0x013a2c4c                SetIVPR
 .text.InitINTC
                0x013a2c66       0x92 ./src/MPC57xx__Interrupt_Init.o
                0x013a2c66                InitINTC
 .text.enableIrq
                0x013a2cf8       0x48 ./src/MPC57xx__Interrupt_Init.o
                0x013a2cf8                enableIrq
 .text.xcptn_xmpl
                0x013a2d40       0x34 ./src/MPC57xx__Interrupt_Init.o
                0x013a2d40                xcptn_xmpl
                0x013a2d80                . = ALIGN (0x10)
 *fill*         0x013a2d74        0xc 

.glink          0x013a2d80        0x0
 .glink         0x013a2d80        0x0 ./Project_Settings/Startup_Code/startup.o

.rodata
 *(.rodata)
 *(.rodata.*)

.eh_frame_hdr   0x013a2d80        0x0
 *(.eh_frame_hdr)
 .eh_frame_hdr  0x013a2d80        0x0 ./src/MPC57xx__Interrupt_Init.o

.eh_frame       0x013a2d80        0x0
 *(.eh_frame)
 .eh_frame      0x013a2d80        0x0 ./Project_Settings/Startup_Code/startup.o

.data           0x40080000        0x0 load address 0x013a2d80
 *(.data)
 *(.data.*)

.sdata2         0x40080000        0x0 load address 0x013a2d80
 *(.sdata2)
 .sdata2        0x40080000        0x0 ./Project_Settings/Startup_Code/startup.o
 *(.sdata2.*)

.rela.dyn       0x40080000        0x0 load address 0x013a2d80
 .rela.iplt     0x40080000        0x0 ./Project_Settings/Startup_Code/startup.o

.sbss2
 *(.sbss2)
 *(.sbss2.*)

.sdata          0x40080000        0x0 load address 0x013a2d80
 *(.sdata)
 .sdata         0x40080000        0x0 ./Project_Settings/Startup_Code/startup.o
 *(.sdata.*)

.bss            0x40080000        0x0 load address 0x013a2d80
                0x40080000                __BSS_START = .
 *(.sbss)
 *(.sbss.*)
 *(.bss)
 *(.bss.*)
 *(COMMON)
                0x40080000                __BSS_END = .

.iplt           0x40080000        0x0 load address 0x013a2d80
 .iplt          0x40080000        0x0 ./Project_Settings/Startup_Code/startup.o

.stack          0x40080000     0x1004 load address 0x013a2d80
                0x40080000                __HEAP = .
                0x40080000                PROVIDE (_end, .)
                0x40080000                PROVIDE (end, .)
                0x40080000                . = (. + __HEAP_SIZE)
                0x40080000                __HEAP_END = .
                0x40080000                _stack_end = .
                0x40081000                . = (. + __STACK_SIZE)
 *fill*         0x40080000     0x1000 
                0x40081000                _stack_addr = .
                0x40081000                __SP_INIT = .
                0x40081004                . = (. + 0x4)
 *fill*         0x40081000        0x4 
                0x40080000                __DATA_SRAM_ADDR = ADDR (.data)
                0x40080000                __SDATA_SRAM_ADDR = ADDR (.sdata)
                0x00000000                __DATA_SIZE = SIZEOF (.data)
                0x00000000                __SDATA_SIZE = SIZEOF (.sdata)
                0x013a2d80                __DATA_ROM_ADDR = LOADADDR (.data)
                0x013a2d80                __SDATA_ROM_ADDR = LOADADDR (.sdata)
                0x00040000                __SRAM_SIZE = SRAM_SIZE
                0x40080000                __SRAM_BASE_ADDR = SRAM_BASE_ADDR
                0x00000000                __BSS_SIZE = (__BSS_END - __BSS_START)
OUTPUT(LED_Blinky_Z2.elf elf32-powerpc)

.PPC.EMB.apuinfo
                0x00000000       0x18
 .PPC.EMB.apuinfo
                0x00000000       0x18 ./Project_Settings/Startup_Code/startup.o
 .PPC.EMB.apuinfo
                0x00000018       0x18 ./src/main_Z2.o
 .PPC.EMB.apuinfo
                0x00000030       0x18 ./src/intc_sw_handlers.o
 .PPC.EMB.apuinfo
                0x00000048       0x18 ./src/intc_SW_mode_isr_vectors_MPC5748G.o
 .PPC.EMB.apuinfo
                0x00000060       0x18 ./src/Vector.o
 .PPC.EMB.apuinfo
                0x00000078       0x18 ./src/MPC57xx__Interrupt_Init.o

.comment        0x00000000       0x54
 .comment       0x00000000       0x54 ./src/main_Z2.o
                                 0x55 (size before relaxing)
 .comment       0x00000054       0x55 ./src/intc_SW_mode_isr_vectors_MPC5748G.o
 .comment       0x00000054       0x55 ./src/Vector.o
 .comment       0x00000054       0x55 ./src/MPC57xx__Interrupt_Init.o

.debug_line     0x00000000      0x77a
 .debug_line    0x00000000       0xca ./Project_Settings/Startup_Code/startup.o
 .debug_line    0x000000ca      0x1c1 ./src/main_Z2.o
 .debug_line    0x0000028b       0x5d ./src/intc_sw_handlers.o
 .debug_line    0x000002e8      0x1b7 ./src/intc_SW_mode_isr_vectors_MPC5748G.o
 .debug_line    0x0000049f       0xbd ./src/Vector.o
 .debug_line    0x0000055c      0x21e ./src/MPC57xx__Interrupt_Init.o

.debug_info     0x00000000      0x709
 .debug_info    0x00000000       0x75 ./Project_Settings/Startup_Code/startup.o
 .debug_info    0x00000075       0x9d ./src/main_Z2.o
 .debug_info    0x00000112       0x64 ./src/intc_sw_handlers.o
 .debug_info    0x00000176       0xb4 ./src/intc_SW_mode_isr_vectors_MPC5748G.o
 .debug_info    0x0000022a       0x21 ./src/Vector.o
 .debug_info    0x0000024b      0x4be ./src/MPC57xx__Interrupt_Init.o

.debug_abbrev   0x00000000      0x266
 .debug_abbrev  0x00000000       0x14 ./Project_Settings/Startup_Code/startup.o
 .debug_abbrev  0x00000014       0x5f ./src/main_Z2.o
 .debug_abbrev  0x00000073       0x14 ./src/intc_sw_handlers.o
 .debug_abbrev  0x00000087       0x7c ./src/intc_SW_mode_isr_vectors_MPC5748G.o
 .debug_abbrev  0x00000103       0x13 ./src/Vector.o
 .debug_abbrev  0x00000116      0x150 ./src/MPC57xx__Interrupt_Init.o

.debug_aranges  0x00000000       0xd0
 .debug_aranges
                0x00000000       0x20 ./Project_Settings/Startup_Code/startup.o
 .debug_aranges
                0x00000020       0x20 ./src/main_Z2.o
 .debug_aranges
                0x00000040       0x20 ./src/intc_sw_handlers.o
 .debug_aranges
                0x00000060       0x20 ./src/intc_SW_mode_isr_vectors_MPC5748G.o
 .debug_aranges
                0x00000080       0x18 ./src/Vector.o
 .debug_aranges
                0x00000098       0x38 ./src/MPC57xx__Interrupt_Init.o

.debug_ranges   0x00000000       0x48
 .debug_ranges  0x00000000       0x10 ./src/main_Z2.o
 .debug_ranges  0x00000010       0x10 ./src/intc_SW_mode_isr_vectors_MPC5748G.o
 .debug_ranges  0x00000020       0x28 ./src/MPC57xx__Interrupt_Init.o

.debug_macro    0x00000000    0x1901f
 .debug_macro   0x00000000       0xb5 ./src/main_Z2.o
 .debug_macro   0x000000b5      0x57a ./src/main_Z2.o
 .debug_macro   0x0000062f       0x52 ./src/main_Z2.o
 .debug_macro   0x00000681       0xa0 ./src/main_Z2.o
 .debug_macro   0x00000721       0x16 ./src/main_Z2.o
 .debug_macro   0x00000737       0x64 ./src/main_Z2.o
 .debug_macro   0x0000079b      0x1a3 ./src/main_Z2.o
 .debug_macro   0x0000093e      0x133 ./src/main_Z2.o
 .debug_macro   0x00000a71       0x9d ./src/main_Z2.o
 .debug_macro   0x00000b0e       0x10 ./src/main_Z2.o
 .debug_macro   0x00000b1e      0x15b ./src/main_Z2.o
 .debug_macro   0x00000c79       0x28 ./src/main_Z2.o
 .debug_macro   0x00000ca1       0x58 ./src/main_Z2.o
 .debug_macro   0x00000cf9    0x1814c ./src/main_Z2.o
 .debug_macro   0x00018e45       0xa1 ./src/intc_SW_mode_isr_vectors_MPC5748G.o
 .debug_macro   0x00018ee6       0x41 ./src/Vector.o
 .debug_macro   0x00018f27       0x2e ./src/Vector.o
 .debug_macro   0x00018f55       0xca ./src/MPC57xx__Interrupt_Init.o

.debug_str      0x00000000    0x67026
 .debug_str     0x00000000    0x66ce0 ./src/main_Z2.o
                              0x66d5d (size before relaxing)
 .debug_str     0x00066ce0       0x44 ./src/intc_SW_mode_isr_vectors_MPC5748G.o
                               0x3546 (size before relaxing)
 .debug_str     0x00066d24      0x185 ./src/Vector.o
                               0x1f8f (size before relaxing)
 .debug_str     0x00066ea9      0x17d ./src/MPC57xx__Interrupt_Init.o
                              0x67006 (size before relaxing)

.debug_frame    0x00000000       0xf8
 .debug_frame   0x00000000       0x2c ./src/main_Z2.o
 .debug_frame   0x0000002c       0x2c ./src/intc_SW_mode_isr_vectors_MPC5748G.o
 .debug_frame   0x00000058       0xa0 ./src/MPC57xx__Interrupt_Init.o
