
Discarded input sections

 .text          0x00000000        0x0 ./Project_Settings/Startup_Code/startup.o
 .data          0x00000000        0x0 ./Project_Settings/Startup_Code/startup.o
 .bss           0x00000000        0x0 ./Project_Settings/Startup_Code/startup.o
 .group         0x00000000        0x8 ./src/mode.o
 .group         0x00000000        0x8 ./src/mode.o
 .group         0x00000000        0x8 ./src/mode.o
 .group         0x00000000        0x8 ./src/mode.o
 .group         0x00000000        0x8 ./src/mode.o
 .group         0x00000000        0x8 ./src/mode.o
 .group         0x00000000        0x8 ./src/mode.o
 .group         0x00000000        0x8 ./src/mode.o
 .group         0x00000000        0x8 ./src/mode.o
 .group         0x00000000        0x8 ./src/mode.o
 .group         0x00000000        0x8 ./src/mode.o
 .group         0x00000000        0x8 ./src/mode.o
 .group         0x00000000        0x8 ./src/mode.o
 .group         0x00000000        0x8 ./src/mode.o
 .text          0x00000000        0x0 ./src/mode.o
 .data          0x00000000        0x0 ./src/mode.o
 .bss           0x00000000        0x0 ./src/mode.o
 .text.enter_STOP_mode
                0x00000000       0x6e ./src/mode.o
 .group         0x00000000        0x8 ./src/main_Z4_0.o
 .group         0x00000000        0x8 ./src/main_Z4_0.o
 .group         0x00000000        0x8 ./src/main_Z4_0.o
 .group         0x00000000        0x8 ./src/main_Z4_0.o
 .group         0x00000000        0x8 ./src/main_Z4_0.o
 .group         0x00000000        0x8 ./src/main_Z4_0.o
 .group         0x00000000        0x8 ./src/main_Z4_0.o
 .group         0x00000000        0x8 ./src/main_Z4_0.o
 .group         0x00000000        0x8 ./src/main_Z4_0.o
 .group         0x00000000        0x8 ./src/main_Z4_0.o
 .group         0x00000000        0x8 ./src/main_Z4_0.o
 .group         0x00000000        0x8 ./src/main_Z4_0.o
 .group         0x00000000        0x8 ./src/main_Z4_0.o
 .group         0x00000000        0x8 ./src/main_Z4_0.o
 .text          0x00000000        0x0 ./src/main_Z4_0.o
 .data          0x00000000        0x0 ./src/main_Z4_0.o
 .bss           0x00000000        0x0 ./src/main_Z4_0.o
 .debug_macro   0x00000000      0x622 ./src/main_Z4_0.o
 .debug_macro   0x00000000       0x52 ./src/main_Z4_0.o
 .debug_macro   0x00000000       0xa0 ./src/main_Z4_0.o
 .debug_macro   0x00000000       0x16 ./src/main_Z4_0.o
 .debug_macro   0x00000000       0x64 ./src/main_Z4_0.o
 .debug_macro   0x00000000      0x1a3 ./src/main_Z4_0.o
 .debug_macro   0x00000000      0x133 ./src/main_Z4_0.o
 .debug_macro   0x00000000       0x9d ./src/main_Z4_0.o
 .debug_macro   0x00000000       0x10 ./src/main_Z4_0.o
 .debug_macro   0x00000000      0x15b ./src/main_Z4_0.o
 .debug_macro   0x00000000       0x28 ./src/main_Z4_0.o
 .debug_macro   0x00000000       0x58 ./src/main_Z4_0.o
 .debug_macro   0x00000000    0x1814c ./src/main_Z4_0.o
 .debug_macro   0x00000000      0xb67 ./src/main_Z4_0.o
 .data          0x00000000        0x0 ./src/intc_sw_handlers.o
 .bss           0x00000000        0x0 ./src/intc_sw_handlers.o
 .group         0x00000000        0x8 ./src/intc_SW_mode_isr_vectors_MPC5748G.o
 .group         0x00000000        0x8 ./src/intc_SW_mode_isr_vectors_MPC5748G.o
 .group         0x00000000        0x8 ./src/intc_SW_mode_isr_vectors_MPC5748G.o
 .group         0x00000000        0x8 ./src/intc_SW_mode_isr_vectors_MPC5748G.o
 .group         0x00000000        0x8 ./src/intc_SW_mode_isr_vectors_MPC5748G.o
 .group         0x00000000        0x8 ./src/intc_SW_mode_isr_vectors_MPC5748G.o
 .group         0x00000000        0x8 ./src/intc_SW_mode_isr_vectors_MPC5748G.o
 .group         0x00000000        0x8 ./src/intc_SW_mode_isr_vectors_MPC5748G.o
 .group         0x00000000        0x8 ./src/intc_SW_mode_isr_vectors_MPC5748G.o
 .group         0x00000000        0x8 ./src/intc_SW_mode_isr_vectors_MPC5748G.o
 .group         0x00000000        0x8 ./src/intc_SW_mode_isr_vectors_MPC5748G.o
 .group         0x00000000        0x8 ./src/intc_SW_mode_isr_vectors_MPC5748G.o
 .text          0x00000000        0x0 ./src/intc_SW_mode_isr_vectors_MPC5748G.o
 .data          0x00000000        0x0 ./src/intc_SW_mode_isr_vectors_MPC5748G.o
 .bss           0x00000000        0x0 ./src/intc_SW_mode_isr_vectors_MPC5748G.o
 .debug_macro   0x00000000      0x622 ./src/intc_SW_mode_isr_vectors_MPC5748G.o
 .debug_macro   0x00000000       0x52 ./src/intc_SW_mode_isr_vectors_MPC5748G.o
 .debug_macro   0x00000000       0xa0 ./src/intc_SW_mode_isr_vectors_MPC5748G.o
 .debug_macro   0x00000000       0x16 ./src/intc_SW_mode_isr_vectors_MPC5748G.o
 .debug_macro   0x00000000       0x64 ./src/intc_SW_mode_isr_vectors_MPC5748G.o
 .debug_macro   0x00000000      0x1a3 ./src/intc_SW_mode_isr_vectors_MPC5748G.o
 .debug_macro   0x00000000      0x133 ./src/intc_SW_mode_isr_vectors_MPC5748G.o
 .debug_macro   0x00000000       0x9d ./src/intc_SW_mode_isr_vectors_MPC5748G.o
 .debug_macro   0x00000000       0x10 ./src/intc_SW_mode_isr_vectors_MPC5748G.o
 .debug_macro   0x00000000      0x15b ./src/intc_SW_mode_isr_vectors_MPC5748G.o
 .debug_macro   0x00000000       0x28 ./src/intc_SW_mode_isr_vectors_MPC5748G.o
 .debug_macro   0x00000000       0x58 ./src/intc_SW_mode_isr_vectors_MPC5748G.o
 .group         0x00000000        0x8 ./src/Vector.o
 .group         0x00000000        0x8 ./src/Vector.o
 .group         0x00000000        0x8 ./src/Vector.o
 .group         0x00000000        0x8 ./src/Vector.o
 .group         0x00000000        0x8 ./src/Vector.o
 .text          0x00000000        0x0 ./src/Vector.o
 .data          0x00000000        0x0 ./src/Vector.o
 .bss           0x00000000        0x0 ./src/Vector.o
 .debug_macro   0x00000000      0x622 ./src/Vector.o
 .debug_macro   0x00000000       0x52 ./src/Vector.o
 .debug_macro   0x00000000       0xa0 ./src/Vector.o
 .debug_macro   0x00000000       0x16 ./src/Vector.o
 .group         0x00000000        0x8 ./src/MPC57xx__Interrupt_Init.o
 .group         0x00000000        0x8 ./src/MPC57xx__Interrupt_Init.o
 .group         0x00000000        0x8 ./src/MPC57xx__Interrupt_Init.o
 .group         0x00000000        0x8 ./src/MPC57xx__Interrupt_Init.o
 .group         0x00000000        0x8 ./src/MPC57xx__Interrupt_Init.o
 .group         0x00000000        0x8 ./src/MPC57xx__Interrupt_Init.o
 .group         0x00000000        0x8 ./src/MPC57xx__Interrupt_Init.o
 .group         0x00000000        0x8 ./src/MPC57xx__Interrupt_Init.o
 .group         0x00000000        0x8 ./src/MPC57xx__Interrupt_Init.o
 .group         0x00000000        0x8 ./src/MPC57xx__Interrupt_Init.o
 .group         0x00000000        0x8 ./src/MPC57xx__Interrupt_Init.o
 .group         0x00000000        0x8 ./src/MPC57xx__Interrupt_Init.o
 .group         0x00000000        0x8 ./src/MPC57xx__Interrupt_Init.o
 .group         0x00000000        0x8 ./src/MPC57xx__Interrupt_Init.o
 .text          0x00000000        0x0 ./src/MPC57xx__Interrupt_Init.o
 .data          0x00000000        0x0 ./src/MPC57xx__Interrupt_Init.o
 .bss           0x00000000        0x0 ./src/MPC57xx__Interrupt_Init.o
 .debug_macro   0x00000000      0x622 ./src/MPC57xx__Interrupt_Init.o
 .debug_macro   0x00000000       0x52 ./src/MPC57xx__Interrupt_Init.o
 .debug_macro   0x00000000       0xa0 ./src/MPC57xx__Interrupt_Init.o
 .debug_macro   0x00000000       0x16 ./src/MPC57xx__Interrupt_Init.o
 .debug_macro   0x00000000       0x64 ./src/MPC57xx__Interrupt_Init.o
 .debug_macro   0x00000000      0x1a3 ./src/MPC57xx__Interrupt_Init.o
 .debug_macro   0x00000000      0x133 ./src/MPC57xx__Interrupt_Init.o
 .debug_macro   0x00000000       0x9d ./src/MPC57xx__Interrupt_Init.o
 .debug_macro   0x00000000       0x10 ./src/MPC57xx__Interrupt_Init.o
 .debug_macro   0x00000000      0x15b ./src/MPC57xx__Interrupt_Init.o
 .debug_macro   0x00000000       0x28 ./src/MPC57xx__Interrupt_Init.o
 .debug_macro   0x00000000       0x58 ./src/MPC57xx__Interrupt_Init.o
 .debug_macro   0x00000000    0x1814c ./src/MPC57xx__Interrupt_Init.o
 .debug_macro   0x00000000       0x2e ./src/MPC57xx__Interrupt_Init.o

Memory Configuration

Name             Origin             Length             Attributes
SRAM             0x40000000         0x00040000
*default*        0x00000000         0xffffffff

Linker script and memory map

LOAD ./Project_Settings/Startup_Code/startup.o
LOAD ./src/mode.o
LOAD ./src/main_Z4_0.o
LOAD ./src/intc_sw_handlers.o
LOAD ./src/intc_SW_mode_isr_vectors_MPC5748G.o
LOAD ./src/Vector.o
LOAD ./src/MPC57xx__Interrupt_Init.o
START GROUP
LOAD C:/Freescale/S32_Power_v1.1/S32DS/e200_ewl2/lib/fp/e200z4\libc99.a
LOAD C:/Freescale/S32_Power_v1.1/S32DS/e200_ewl2/lib/fp/e200z4\libm.a
LOAD c:/freescale/s32_power_v1.1/cross_tools/powerpc-eabivle-4_9/bin/../lib/gcc/powerpc-eabivle/4.9.2/fp/e200z4\libgcc.a
LOAD C:/Freescale/S32_Power_v1.1/S32DS/e200_ewl2/lib/fp/e200z4\librt.a
END GROUP
                0x00000000                __HEAP_SIZE = 0x0
                0x00001000                __STACK_SIZE = 0x1000
                0x00040000                SRAM_SIZE = 0x40000
                0x40000000                SRAM_BASE_ADDR = 0x40000000

.startup        0x40000000      0x226
                0x40000000                __start = .
 *(.startup)
 .startup       0x40000000      0x226 ./Project_Settings/Startup_Code/startup.o
                0x40000000                _start

.core_exceptions_table
                0x40001000       0xf4
                0x40001000                __IVPR_VALUE = .
 *(.core_exceptions_table)
 .core_exceptions_table
                0x40001000       0xf4 ./src/Vector.o
                0x40001000                IVOR0_Vector
                0x40001000                VTABLE
                0x40001010                IVOR1_Vector
                0x40001020                IVOR2_Vector
                0x40001030                IVOR3_Vector
                0x40001040                IVOR4_Vector
                0x40001050                IVOR5_Vector
                0x40001060                IVOR6_Vector
                0x40001070                IVOR7_Vector
                0x40001080                IVOR8_Vector
                0x40001090                IVOR9_Vector
                0x400010a0                IVOR10_Vector
                0x400010b0                IVOR11_Vector
                0x400010c0                IVOR12_Vector
                0x400010d0                IVOR13_Vector
                0x400010e0                IVOR14_Vector
                0x400010f0                IVOR15_Vector

.intc_vector_table
                0x40002000      0xbc8
 *(.intc_vector_table)
 .intc_vector_table
                0x40002000      0xbc8 ./src/intc_SW_mode_isr_vectors_MPC5748G.o
                0x40002000                IntcIsrVectorTable

.text           0x40002bd0      0x5a0
 *(.text.startup)
 *(.text)
 .text          0x40002bd0       0x48 ./src/intc_sw_handlers.o
                0x40002bd0                IVOR4_Handler
 *(.init)
 *(.text.*)
 .text.PLL_160MHz
                0x40002c18      0x10a ./src/mode.o
                0x40002c18                PLL_160MHz
 .text.system160mhz
                0x40002d22       0xaa ./src/mode.o
                0x40002d22                system160mhz
 .text.hw_init  0x40002dcc       0x94 ./src/main_Z4_0.o
                0x40002dcc                hw_init
 .text.main     0x40002e60       0xa4 ./src/main_Z4_0.o
                0x40002e60                main
 .text.peri_clock_gating
                0x40002f04       0x34 ./src/main_Z4_0.o
                0x40002f04                peri_clock_gating
 .text.delay    0x40002f38       0x7e ./src/main_Z4_0.o
                0x40002f38                delay
 .text.gpio_init
                0x40002fb6       0x84 ./src/main_Z4_0.o
                0x40002fb6                gpio_init
 .text.dummy    0x4000303a        0xc ./src/intc_SW_mode_isr_vectors_MPC5748G.o
                0x4000303a                dummy
 .text.SetIVPR  0x40003046       0x1a ./src/MPC57xx__Interrupt_Init.o
                0x40003046                SetIVPR
 .text.InitINTC
                0x40003060       0x92 ./src/MPC57xx__Interrupt_Init.o
                0x40003060                InitINTC
 .text.enableIrq
                0x400030f2       0x48 ./src/MPC57xx__Interrupt_Init.o
                0x400030f2                enableIrq
 .text.xcptn_xmpl
                0x4000313a       0x34 ./src/MPC57xx__Interrupt_Init.o
                0x4000313a                xcptn_xmpl
                0x40003170                . = ALIGN (0x10)
 *fill*         0x4000316e        0x2 

.glink          0x40003170        0x0
 .glink         0x40003170        0x0 ./Project_Settings/Startup_Code/startup.o

.rodata
 *(.rodata)
 *(.rodata.*)

.eh_frame_hdr   0x40003170        0x0
 *(.eh_frame_hdr)
 .eh_frame_hdr  0x40003170        0x0 ./src/MPC57xx__Interrupt_Init.o

.eh_frame       0x40003170        0x0
 *(.eh_frame)
 .eh_frame      0x40003170        0x0 ./Project_Settings/Startup_Code/startup.o

.data           0x40003170        0x0
 *(.data)
 *(.data.*)

.sdata2         0x40003170        0x0
 *(.sdata2)
 .sdata2        0x40003170        0x0 ./Project_Settings/Startup_Code/startup.o
 *(.sdata2.*)

.rela.dyn       0x40003170        0x0
 .rela.iplt     0x40003170        0x0 ./Project_Settings/Startup_Code/startup.o

.sbss2
 *(.sbss2)
 *(.sbss2.*)

.sdata          0x40003170        0x0
 *(.sdata)
 .sdata         0x40003170        0x0 ./Project_Settings/Startup_Code/startup.o
 *(.sdata.*)

.bss            0x40003170        0x0
                0x40003170                __BSS_START = .
 *(.sbss)
 *(.sbss.*)
 *(.bss)
 *(.bss.*)
 *(COMMON)
                0x40003170                __BSS_END = .

.iplt           0x40003170        0x0
 .iplt          0x40003170        0x0 ./Project_Settings/Startup_Code/startup.o

.stack          0x40003170     0x1004
                0x40003170                __HEAP = .
                0x40003170                PROVIDE (_end, .)
                0x40003170                PROVIDE (end, .)
                0x40003170                . = (. + __HEAP_SIZE)
                0x40003170                __HEAP_END = .
                0x40003170                _stack_end = .
                0x40004170                . = (. + __STACK_SIZE)
 *fill*         0x40003170     0x1000 
                0x40004170                _stack_addr = .
                0x40004170                __SP_INIT = .
                0x40004174                . = (. + 0x4)
 *fill*         0x40004170        0x4 
                0x40003170                __DATA_SRAM_ADDR = ADDR (.data)
                0x40003170                __SDATA_SRAM_ADDR = ADDR (.sdata)
                0x00000000                __DATA_SIZE = SIZEOF (.data)
                0x00000000                __SDATA_SIZE = SIZEOF (.sdata)
                0x40003170                __DATA_ROM_ADDR = LOADADDR (.data)
                0x40003170                __SDATA_ROM_ADDR = LOADADDR (.sdata)
                0x00040000                __SRAM_SIZE = SRAM_SIZE
                0x40000000                __SRAM_BASE_ADDR = SRAM_BASE_ADDR
                0x00000000                __BSS_SIZE = (__BSS_END - __BSS_START)
OUTPUT(LED_Blinky_Z4_0.elf elf32-powerpc)

.PPC.EMB.apuinfo
                0x00000000       0x18
 .PPC.EMB.apuinfo
                0x00000000       0x18 ./Project_Settings/Startup_Code/startup.o
 .PPC.EMB.apuinfo
                0x00000018       0x18 ./src/mode.o
 .PPC.EMB.apuinfo
                0x00000030       0x18 ./src/main_Z4_0.o
 .PPC.EMB.apuinfo
                0x00000048       0x18 ./src/intc_sw_handlers.o
 .PPC.EMB.apuinfo
                0x00000060       0x18 ./src/intc_SW_mode_isr_vectors_MPC5748G.o
 .PPC.EMB.apuinfo
                0x00000078       0x18 ./src/Vector.o
 .PPC.EMB.apuinfo
                0x00000090       0x18 ./src/MPC57xx__Interrupt_Init.o

.comment        0x00000000       0x54
 .comment       0x00000000       0x54 ./src/mode.o
                                 0x55 (size before relaxing)
 .comment       0x00000054       0x55 ./src/main_Z4_0.o
 .comment       0x00000054       0x55 ./src/intc_SW_mode_isr_vectors_MPC5748G.o
 .comment       0x00000054       0x55 ./src/Vector.o
 .comment       0x00000054       0x55 ./src/MPC57xx__Interrupt_Init.o

.debug_line     0x00000000      0xa1f
 .debug_line    0x00000000       0xe6 ./Project_Settings/Startup_Code/startup.o
 .debug_line    0x000000e6      0x1f6 ./src/mode.o
 .debug_line    0x000002dc      0x254 ./src/main_Z4_0.o
 .debug_line    0x00000530       0x5d ./src/intc_sw_handlers.o
 .debug_line    0x0000058d      0x1b7 ./src/intc_SW_mode_isr_vectors_MPC5748G.o
 .debug_line    0x00000744       0xbd ./src/Vector.o
 .debug_line    0x00000801      0x21e ./src/MPC57xx__Interrupt_Init.o

.debug_info     0x00000000     0x4d9f
 .debug_info    0x00000000       0x7b ./Project_Settings/Startup_Code/startup.o
 .debug_info    0x0000007b     0x21f7 ./src/mode.o
 .debug_info    0x00002272     0x2530 ./src/main_Z4_0.o
 .debug_info    0x000047a2       0x6a ./src/intc_sw_handlers.o
 .debug_info    0x0000480c       0xb4 ./src/intc_SW_mode_isr_vectors_MPC5748G.o
 .debug_info    0x000048c0       0x21 ./src/Vector.o
 .debug_info    0x000048e1      0x4be ./src/MPC57xx__Interrupt_Init.o

.debug_abbrev   0x00000000      0x4c5
 .debug_abbrev  0x00000000       0x14 ./Project_Settings/Startup_Code/startup.o
 .debug_abbrev  0x00000014      0x137 ./src/mode.o
 .debug_abbrev  0x0000014b      0x187 ./src/main_Z4_0.o
 .debug_abbrev  0x000002d2       0x14 ./src/intc_sw_handlers.o
 .debug_abbrev  0x000002e6       0x7c ./src/intc_SW_mode_isr_vectors_MPC5748G.o
 .debug_abbrev  0x00000362       0x13 ./src/Vector.o
 .debug_abbrev  0x00000375      0x150 ./src/MPC57xx__Interrupt_Init.o

.debug_aranges  0x00000000      0x120
 .debug_aranges
                0x00000000       0x20 ./Project_Settings/Startup_Code/startup.o
 .debug_aranges
                0x00000020       0x30 ./src/mode.o
 .debug_aranges
                0x00000050       0x40 ./src/main_Z4_0.o
 .debug_aranges
                0x00000090       0x20 ./src/intc_sw_handlers.o
 .debug_aranges
                0x000000b0       0x20 ./src/intc_SW_mode_isr_vectors_MPC5748G.o
 .debug_aranges
                0x000000d0       0x18 ./src/Vector.o
 .debug_aranges
                0x000000e8       0x38 ./src/MPC57xx__Interrupt_Init.o

.debug_ranges   0x00000000       0x88
 .debug_ranges  0x00000000       0x20 ./src/mode.o
 .debug_ranges  0x00000020       0x30 ./src/main_Z4_0.o
 .debug_ranges  0x00000050       0x10 ./src/intc_SW_mode_isr_vectors_MPC5748G.o
 .debug_ranges  0x00000060       0x28 ./src/MPC57xx__Interrupt_Init.o

.debug_macro    0x00000000    0x19d1d
 .debug_macro   0x00000000       0xba ./src/mode.o
 .debug_macro   0x000000ba      0x622 ./src/mode.o
 .debug_macro   0x000006dc       0x52 ./src/mode.o
 .debug_macro   0x0000072e       0xa0 ./src/mode.o
 .debug_macro   0x000007ce       0x16 ./src/mode.o
 .debug_macro   0x000007e4       0x64 ./src/mode.o
 .debug_macro   0x00000848      0x1a3 ./src/mode.o
 .debug_macro   0x000009eb      0x133 ./src/mode.o
 .debug_macro   0x00000b1e       0x9d ./src/mode.o
 .debug_macro   0x00000bbb       0x10 ./src/mode.o
 .debug_macro   0x00000bcb      0x15b ./src/mode.o
 .debug_macro   0x00000d26       0x28 ./src/mode.o
 .debug_macro   0x00000d4e       0x58 ./src/mode.o
 .debug_macro   0x00000da6    0x1814c ./src/mode.o
 .debug_macro   0x00018ef2      0xb67 ./src/mode.o
 .debug_macro   0x00019a59       0xea ./src/main_Z4_0.o
 .debug_macro   0x00019b43       0xa1 ./src/intc_SW_mode_isr_vectors_MPC5748G.o
 .debug_macro   0x00019be4       0x41 ./src/Vector.o
 .debug_macro   0x00019c25       0x2e ./src/Vector.o
 .debug_macro   0x00019c53       0xca ./src/MPC57xx__Interrupt_Init.o

.debug_str      0x00000000    0x6948f
 .debug_str     0x00000000    0x68a2f ./src/mode.o
                              0x68af7 (size before relaxing)
 .debug_str     0x00068a2f      0x737 ./src/main_Z4_0.o
                              0x68e54 (size before relaxing)
 .debug_str     0x00069166       0x44 ./src/intc_SW_mode_isr_vectors_MPC5748G.o
                               0x3a10 (size before relaxing)
 .debug_str     0x000691aa      0x185 ./src/Vector.o
                               0x2457 (size before relaxing)
 .debug_str     0x0006932f      0x160 ./src/MPC57xx__Interrupt_Init.o
                              0x674d0 (size before relaxing)

.debug_frame    0x00000000      0x208
 .debug_frame   0x00000000       0x80 ./src/mode.o
 .debug_frame   0x00000080       0xbc ./src/main_Z4_0.o
 .debug_frame   0x0000013c       0x2c ./src/intc_SW_mode_isr_vectors_MPC5748G.o
 .debug_frame   0x00000168       0xa0 ./src/MPC57xx__Interrupt_Init.o
