Archive member included to satisfy reference by file (symbol)

C:/Freescale/S32_Power_v1.1/S32DS/e200_ewl2/lib/fp/e200z4\libc99.a(ctype.o)
                              ./src/srec.o (__upper_mapC)
C:/Freescale/S32_Power_v1.1/S32DS/e200_ewl2/lib/fp/e200z4\libc99.a(memcpy.o)
                              ./src/main.o (memcpy)
C:/Freescale/S32_Power_v1.1/S32DS/e200_ewl2/lib/fp/e200z4\libc99.a(memset.o)
                              ./src/main.o (memset)
C:/Freescale/S32_Power_v1.1/S32DS/e200_ewl2/lib/fp/e200z4\libc99.a(__filll_mem.o)
                              C:/Freescale/S32_Power_v1.1/S32DS/e200_ewl2/lib/fp/e200z4\libc99.a(memset.o) (__fill_mem)
c:/freescale/s32_power_v1.1/cross_tools/powerpc-eabivle-4_9/bin/../lib/gcc/powerpc-eabivle/4.9.2/fp/e200z4\libgcc.a(e200crtresxgpr.o)
                              C:/Freescale/S32_Power_v1.1/S32DS/e200_ewl2/lib/fp/e200z4\libc99.a(memset.o) (_restgpr_31_x)

Allocating common symbols
Common symbol       size              file

TxInProgress        0x1               ./src/srec.o
x                   0x4               ./src/tung.o
RxIn                0x1               ./src/srec.o
XOffSent            0x1               ./src/srec.o
SendXOn             0x1               ./src/srec.o
UARTFirstTransmitFlag
                    0x1               ./src/linflexd_uart.o
XOffRcvd            0x1               ./src/srec.o
TxBAvail            0x1               ./src/srec.o
SendXOff            0x1               ./src/srec.o
RxBuff              0x60              ./src/srec.o
RxBAvail            0x1               ./src/srec.o
TxIn                0x1               ./src/srec.o
TxBuff              0x40              ./src/srec.o
RxOut               0x1               ./src/srec.o
TxOut               0x1               ./src/srec.o

Discarded input sections

 .text          0x00000000        0x0 ./Project_Settings/Startup_Code/startup.o
 .data          0x00000000        0x0 ./Project_Settings/Startup_Code/startup.o
 .bss           0x00000000        0x0 ./Project_Settings/Startup_Code/startup.o
 .group         0x00000000        0x8 ./src/tung.o
 .group         0x00000000        0x8 ./src/tung.o
 .group         0x00000000        0x8 ./src/tung.o
 .group         0x00000000        0x8 ./src/tung.o
 .group         0x00000000        0x8 ./src/tung.o
 .group         0x00000000        0x8 ./src/tung.o
 .group         0x00000000        0x8 ./src/tung.o
 .group         0x00000000        0x8 ./src/tung.o
 .group         0x00000000        0x8 ./src/tung.o
 .group         0x00000000        0x8 ./src/tung.o
 .group         0x00000000        0x8 ./src/tung.o
 .group         0x00000000        0x8 ./src/tung.o
 .text          0x00000000        0x0 ./src/tung.o
 .data          0x00000000        0x0 ./src/tung.o
 .bss           0x00000000        0x0 ./src/tung.o
 .data.array    0x00000000       0x14 ./src/tung.o
 .sdata.y       0x00000000        0x4 ./src/tung.o
 .debug_info    0x00000000       0xb2 ./src/tung.o
 .debug_abbrev  0x00000000       0x6a ./src/tung.o
 .debug_aranges
                0x00000000       0x18 ./src/tung.o
 .debug_macro   0x00000000       0x97 ./src/tung.o
 .debug_macro   0x00000000      0x616 ./src/tung.o
 .debug_macro   0x00000000       0x52 ./src/tung.o
 .debug_macro   0x00000000       0xa0 ./src/tung.o
 .debug_macro   0x00000000       0x16 ./src/tung.o
 .debug_macro   0x00000000       0x64 ./src/tung.o
 .debug_macro   0x00000000      0x1a3 ./src/tung.o
 .debug_macro   0x00000000      0x133 ./src/tung.o
 .debug_macro   0x00000000       0x9d ./src/tung.o
 .debug_macro   0x00000000       0x10 ./src/tung.o
 .debug_macro   0x00000000      0x15b ./src/tung.o
 .debug_macro   0x00000000       0x28 ./src/tung.o
 .debug_macro   0x00000000       0x58 ./src/tung.o
 .debug_line    0x00000000      0x16c ./src/tung.o
 .debug_str     0x00000000     0x39b1 ./src/tung.o
 .comment       0x00000000       0x55 ./src/tung.o
 .sbss          0x00000000        0x4 ./src/tung.o
 .group         0x00000000        0x8 ./src/srec.o
 .group         0x00000000        0x8 ./src/srec.o
 .group         0x00000000        0x8 ./src/srec.o
 .group         0x00000000        0x8 ./src/srec.o
 .group         0x00000000        0x8 ./src/srec.o
 .group         0x00000000        0x8 ./src/srec.o
 .group         0x00000000        0x8 ./src/srec.o
 .group         0x00000000        0x8 ./src/srec.o
 .group         0x00000000        0x8 ./src/srec.o
 .group         0x00000000        0x8 ./src/srec.o
 .group         0x00000000        0x8 ./src/srec.o
 .group         0x00000000        0x8 ./src/srec.o
 .group         0x00000000        0x8 ./src/srec.o
 .group         0x00000000        0x8 ./src/srec.o
 .group         0x00000000        0x8 ./src/srec.o
 .group         0x00000000        0x8 ./src/srec.o
 .group         0x00000000        0x8 ./src/srec.o
 .group         0x00000000        0x8 ./src/srec.o
 .group         0x00000000        0x8 ./src/srec.o
 .group         0x00000000        0x8 ./src/srec.o
 .group         0x00000000        0x8 ./src/srec.o
 .text          0x00000000        0x0 ./src/srec.o
 .data          0x00000000        0x0 ./src/srec.o
 .bss           0x00000000        0x0 ./src/srec.o
 .text.isalnum  0x00000000       0x5c ./src/srec.o
 .text.isalpha  0x00000000       0x5c ./src/srec.o
 .text.isblank  0x00000000       0x5c ./src/srec.o
 .text.iscntrl  0x00000000       0x5c ./src/srec.o
 .text.isdigit  0x00000000       0x5c ./src/srec.o
 .text.isgraph  0x00000000       0x5c ./src/srec.o
 .text.islower  0x00000000       0x5c ./src/srec.o
 .text.isprint  0x00000000       0x5c ./src/srec.o
 .text.ispunct  0x00000000       0x5c ./src/srec.o
 .text.isspace  0x00000000       0x5c ./src/srec.o
 .text.isupper  0x00000000       0x5c ./src/srec.o
 .text.tolower  0x00000000       0x50 ./src/srec.o
 .text.toupper  0x00000000       0x50 ./src/srec.o
 .debug_macro   0x00000000      0x616 ./src/srec.o
 .debug_macro   0x00000000       0x52 ./src/srec.o
 .debug_macro   0x00000000       0xa0 ./src/srec.o
 .debug_macro   0x00000000       0x16 ./src/srec.o
 .debug_macro   0x00000000       0x64 ./src/srec.o
 .debug_macro   0x00000000      0x1a3 ./src/srec.o
 .debug_macro   0x00000000      0x133 ./src/srec.o
 .debug_macro   0x00000000       0x10 ./src/srec.o
 .debug_macro   0x00000000       0x9d ./src/srec.o
 .debug_macro   0x00000000      0x15b ./src/srec.o
 .debug_macro   0x00000000       0x28 ./src/srec.o
 .debug_macro   0x00000000       0x58 ./src/srec.o
 .group         0x00000000        0x8 ./src/mode.o
 .group         0x00000000        0x8 ./src/mode.o
 .group         0x00000000        0x8 ./src/mode.o
 .group         0x00000000        0x8 ./src/mode.o
 .group         0x00000000        0x8 ./src/mode.o
 .group         0x00000000        0x8 ./src/mode.o
 .group         0x00000000        0x8 ./src/mode.o
 .group         0x00000000        0x8 ./src/mode.o
 .group         0x00000000        0x8 ./src/mode.o
 .group         0x00000000        0x8 ./src/mode.o
 .group         0x00000000        0x8 ./src/mode.o
 .group         0x00000000        0x8 ./src/mode.o
 .group         0x00000000        0x8 ./src/mode.o
 .group         0x00000000        0x8 ./src/mode.o
 .text          0x00000000        0x0 ./src/mode.o
 .data          0x00000000        0x0 ./src/mode.o
 .bss           0x00000000        0x0 ./src/mode.o
 .text.enter_STOP_mode
                0x00000000       0x6e ./src/mode.o
 .debug_macro   0x00000000      0x616 ./src/mode.o
 .debug_macro   0x00000000       0x52 ./src/mode.o
 .debug_macro   0x00000000       0xa0 ./src/mode.o
 .debug_macro   0x00000000       0x16 ./src/mode.o
 .debug_macro   0x00000000       0x64 ./src/mode.o
 .debug_macro   0x00000000      0x1a3 ./src/mode.o
 .debug_macro   0x00000000      0x133 ./src/mode.o
 .debug_macro   0x00000000       0x9d ./src/mode.o
 .debug_macro   0x00000000       0x10 ./src/mode.o
 .debug_macro   0x00000000      0x15b ./src/mode.o
 .debug_macro   0x00000000       0x28 ./src/mode.o
 .debug_macro   0x00000000       0x58 ./src/mode.o
 .debug_macro   0x00000000    0x1814c ./src/mode.o
 .debug_macro   0x00000000      0xb67 ./src/mode.o
 .group         0x00000000        0x8 ./src/main.o
 .group         0x00000000        0x8 ./src/main.o
 .group         0x00000000        0x8 ./src/main.o
 .group         0x00000000        0x8 ./src/main.o
 .group         0x00000000        0x8 ./src/main.o
 .group         0x00000000        0x8 ./src/main.o
 .group         0x00000000        0x8 ./src/main.o
 .group         0x00000000        0x8 ./src/main.o
 .group         0x00000000        0x8 ./src/main.o
 .group         0x00000000        0x8 ./src/main.o
 .group         0x00000000        0x8 ./src/main.o
 .group         0x00000000        0x8 ./src/main.o
 .group         0x00000000        0x8 ./src/main.o
 .group         0x00000000        0x8 ./src/main.o
 .group         0x00000000        0x8 ./src/main.o
 .group         0x00000000        0x8 ./src/main.o
 .group         0x00000000        0x8 ./src/main.o
 .group         0x00000000        0x8 ./src/main.o
 .group         0x00000000        0x8 ./src/main.o
 .group         0x00000000        0x8 ./src/main.o
 .group         0x00000000        0x8 ./src/main.o
 .data          0x00000000        0x0 ./src/main.o
 .bss           0x00000000        0x0 ./src/main.o
 .text.isalnum  0x00000000       0x5c ./src/main.o
 .text.isalpha  0x00000000       0x5c ./src/main.o
 .text.isblank  0x00000000       0x5c ./src/main.o
 .text.iscntrl  0x00000000       0x5c ./src/main.o
 .text.isdigit  0x00000000       0x5c ./src/main.o
 .text.isgraph  0x00000000       0x5c ./src/main.o
 .text.islower  0x00000000       0x5c ./src/main.o
 .text.isprint  0x00000000       0x5c ./src/main.o
 .text.ispunct  0x00000000       0x5c ./src/main.o
 .text.isspace  0x00000000       0x5c ./src/main.o
 .text.isupper  0x00000000       0x5c ./src/main.o
 .text.isxdigit
                0x00000000       0x5c ./src/main.o
 .text.tolower  0x00000000       0x50 ./src/main.o
 .text.toupper  0x00000000       0x50 ./src/main.o
 .debug_macro   0x00000000      0x616 ./src/main.o
 .debug_macro   0x00000000       0x52 ./src/main.o
 .debug_macro   0x00000000       0xa0 ./src/main.o
 .debug_macro   0x00000000       0x16 ./src/main.o
 .debug_macro   0x00000000       0x64 ./src/main.o
 .debug_macro   0x00000000      0x1a3 ./src/main.o
 .debug_macro   0x00000000      0x133 ./src/main.o
 .debug_macro   0x00000000       0x9d ./src/main.o
 .debug_macro   0x00000000       0x10 ./src/main.o
 .debug_macro   0x00000000      0x15b ./src/main.o
 .debug_macro   0x00000000       0x28 ./src/main.o
 .debug_macro   0x00000000       0x58 ./src/main.o
 .debug_macro   0x00000000    0x1814c ./src/main.o
 .debug_macro   0x00000000      0xb67 ./src/main.o
 .debug_macro   0x00000000       0x34 ./src/main.o
 .debug_macro   0x00000000       0x10 ./src/main.o
 .debug_macro   0x00000000       0x16 ./src/main.o
 .debug_macro   0x00000000       0x16 ./src/main.o
 .debug_macro   0x00000000       0x10 ./src/main.o
 .debug_macro   0x00000000       0x6a ./src/main.o
 .debug_macro   0x00000000       0x1c ./src/main.o
 .group         0x00000000        0x8 ./src/linflexd_uart.o
 .group         0x00000000        0x8 ./src/linflexd_uart.o
 .group         0x00000000        0x8 ./src/linflexd_uart.o
 .group         0x00000000        0x8 ./src/linflexd_uart.o
 .group         0x00000000        0x8 ./src/linflexd_uart.o
 .group         0x00000000        0x8 ./src/linflexd_uart.o
 .group         0x00000000        0x8 ./src/linflexd_uart.o
 .group         0x00000000        0x8 ./src/linflexd_uart.o
 .group         0x00000000        0x8 ./src/linflexd_uart.o
 .group         0x00000000        0x8 ./src/linflexd_uart.o
 .group         0x00000000        0x8 ./src/linflexd_uart.o
 .group         0x00000000        0x8 ./src/linflexd_uart.o
 .group         0x00000000        0x8 ./src/linflexd_uart.o
 .group         0x00000000        0x8 ./src/linflexd_uart.o
 .group         0x00000000        0x8 ./src/linflexd_uart.o
 .text          0x00000000        0x0 ./src/linflexd_uart.o
 .data          0x00000000        0x0 ./src/linflexd_uart.o
 .bss           0x00000000        0x0 ./src/linflexd_uart.o
 .text.checkLINFlexD_1
                0x00000000       0x2e ./src/linflexd_uart.o
 .text.echoLINFlexD_1
                0x00000000       0x2a ./src/linflexd_uart.o
 .debug_macro   0x00000000      0x616 ./src/linflexd_uart.o
 .debug_macro   0x00000000       0x52 ./src/linflexd_uart.o
 .debug_macro   0x00000000       0xa0 ./src/linflexd_uart.o
 .debug_macro   0x00000000       0x16 ./src/linflexd_uart.o
 .debug_macro   0x00000000       0x64 ./src/linflexd_uart.o
 .debug_macro   0x00000000      0x1a3 ./src/linflexd_uart.o
 .debug_macro   0x00000000      0x133 ./src/linflexd_uart.o
 .debug_macro   0x00000000       0x9d ./src/linflexd_uart.o
 .debug_macro   0x00000000       0x10 ./src/linflexd_uart.o
 .debug_macro   0x00000000      0x15b ./src/linflexd_uart.o
 .debug_macro   0x00000000       0x28 ./src/linflexd_uart.o
 .debug_macro   0x00000000       0x58 ./src/linflexd_uart.o
 .debug_macro   0x00000000    0x1814c ./src/linflexd_uart.o
 .debug_macro   0x00000000      0xb67 ./src/linflexd_uart.o
 .debug_macro   0x00000000       0x34 ./src/linflexd_uart.o
 .data          0x00000000        0x0 ./src/intc_sw_handlers.o
 .bss           0x00000000        0x0 ./src/intc_sw_handlers.o
 .group         0x00000000        0x8 ./src/intc_SW_mode_isr_vectors_MPC5748G.o
 .group         0x00000000        0x8 ./src/intc_SW_mode_isr_vectors_MPC5748G.o
 .group         0x00000000        0x8 ./src/intc_SW_mode_isr_vectors_MPC5748G.o
 .group         0x00000000        0x8 ./src/intc_SW_mode_isr_vectors_MPC5748G.o
 .group         0x00000000        0x8 ./src/intc_SW_mode_isr_vectors_MPC5748G.o
 .group         0x00000000        0x8 ./src/intc_SW_mode_isr_vectors_MPC5748G.o
 .group         0x00000000        0x8 ./src/intc_SW_mode_isr_vectors_MPC5748G.o
 .group         0x00000000        0x8 ./src/intc_SW_mode_isr_vectors_MPC5748G.o
 .group         0x00000000        0x8 ./src/intc_SW_mode_isr_vectors_MPC5748G.o
 .group         0x00000000        0x8 ./src/intc_SW_mode_isr_vectors_MPC5748G.o
 .group         0x00000000        0x8 ./src/intc_SW_mode_isr_vectors_MPC5748G.o
 .group         0x00000000        0x8 ./src/intc_SW_mode_isr_vectors_MPC5748G.o
 .text          0x00000000        0x0 ./src/intc_SW_mode_isr_vectors_MPC5748G.o
 .data          0x00000000        0x0 ./src/intc_SW_mode_isr_vectors_MPC5748G.o
 .bss           0x00000000        0x0 ./src/intc_SW_mode_isr_vectors_MPC5748G.o
 .debug_macro   0x00000000      0x616 ./src/intc_SW_mode_isr_vectors_MPC5748G.o
 .debug_macro   0x00000000       0x52 ./src/intc_SW_mode_isr_vectors_MPC5748G.o
 .debug_macro   0x00000000       0xa0 ./src/intc_SW_mode_isr_vectors_MPC5748G.o
 .debug_macro   0x00000000       0x16 ./src/intc_SW_mode_isr_vectors_MPC5748G.o
 .debug_macro   0x00000000       0x64 ./src/intc_SW_mode_isr_vectors_MPC5748G.o
 .debug_macro   0x00000000      0x1a3 ./src/intc_SW_mode_isr_vectors_MPC5748G.o
 .debug_macro   0x00000000      0x133 ./src/intc_SW_mode_isr_vectors_MPC5748G.o
 .debug_macro   0x00000000       0x9d ./src/intc_SW_mode_isr_vectors_MPC5748G.o
 .debug_macro   0x00000000       0x10 ./src/intc_SW_mode_isr_vectors_MPC5748G.o
 .debug_macro   0x00000000      0x15b ./src/intc_SW_mode_isr_vectors_MPC5748G.o
 .debug_macro   0x00000000       0x28 ./src/intc_SW_mode_isr_vectors_MPC5748G.o
 .debug_macro   0x00000000       0x58 ./src/intc_SW_mode_isr_vectors_MPC5748G.o
 .group         0x00000000        0x8 ./src/flashrchw.o
 .group         0x00000000        0x8 ./src/flashrchw.o
 .group         0x00000000        0x8 ./src/flashrchw.o
 .group         0x00000000        0x8 ./src/flashrchw.o
 .group         0x00000000        0x8 ./src/flashrchw.o
 .group         0x00000000        0x8 ./src/flashrchw.o
 .group         0x00000000        0x8 ./src/flashrchw.o
 .group         0x00000000        0x8 ./src/flashrchw.o
 .group         0x00000000        0x8 ./src/flashrchw.o
 .group         0x00000000        0x8 ./src/flashrchw.o
 .group         0x00000000        0x8 ./src/flashrchw.o
 .group         0x00000000        0x8 ./src/flashrchw.o
 .text          0x00000000        0x0 ./src/flashrchw.o
 .data          0x00000000        0x0 ./src/flashrchw.o
 .bss           0x00000000        0x0 ./src/flashrchw.o
 .debug_macro   0x00000000      0x616 ./src/flashrchw.o
 .debug_macro   0x00000000       0x52 ./src/flashrchw.o
 .debug_macro   0x00000000       0xa0 ./src/flashrchw.o
 .debug_macro   0x00000000       0x16 ./src/flashrchw.o
 .debug_macro   0x00000000       0x64 ./src/flashrchw.o
 .debug_macro   0x00000000      0x1a3 ./src/flashrchw.o
 .debug_macro   0x00000000      0x133 ./src/flashrchw.o
 .debug_macro   0x00000000       0x9d ./src/flashrchw.o
 .debug_macro   0x00000000       0x10 ./src/flashrchw.o
 .debug_macro   0x00000000      0x15b ./src/flashrchw.o
 .debug_macro   0x00000000       0x28 ./src/flashrchw.o
 .debug_macro   0x00000000       0x58 ./src/flashrchw.o
 .group         0x00000000        0x8 ./src/Vector.o
 .group         0x00000000        0x8 ./src/Vector.o
 .group         0x00000000        0x8 ./src/Vector.o
 .group         0x00000000        0x8 ./src/Vector.o
 .group         0x00000000        0x8 ./src/Vector.o
 .text          0x00000000        0x0 ./src/Vector.o
 .data          0x00000000        0x0 ./src/Vector.o
 .bss           0x00000000        0x0 ./src/Vector.o
 .debug_macro   0x00000000      0x616 ./src/Vector.o
 .debug_macro   0x00000000       0x52 ./src/Vector.o
 .debug_macro   0x00000000       0xa0 ./src/Vector.o
 .debug_macro   0x00000000       0x16 ./src/Vector.o
 .group         0x00000000        0x8 ./src/MPC57xx__Interrupt_Init.o
 .group         0x00000000        0x8 ./src/MPC57xx__Interrupt_Init.o
 .group         0x00000000        0x8 ./src/MPC57xx__Interrupt_Init.o
 .group         0x00000000        0x8 ./src/MPC57xx__Interrupt_Init.o
 .group         0x00000000        0x8 ./src/MPC57xx__Interrupt_Init.o
 .group         0x00000000        0x8 ./src/MPC57xx__Interrupt_Init.o
 .group         0x00000000        0x8 ./src/MPC57xx__Interrupt_Init.o
 .group         0x00000000        0x8 ./src/MPC57xx__Interrupt_Init.o
 .group         0x00000000        0x8 ./src/MPC57xx__Interrupt_Init.o
 .group         0x00000000        0x8 ./src/MPC57xx__Interrupt_Init.o
 .group         0x00000000        0x8 ./src/MPC57xx__Interrupt_Init.o
 .group         0x00000000        0x8 ./src/MPC57xx__Interrupt_Init.o
 .group         0x00000000        0x8 ./src/MPC57xx__Interrupt_Init.o
 .group         0x00000000        0x8 ./src/MPC57xx__Interrupt_Init.o
 .text          0x00000000        0x0 ./src/MPC57xx__Interrupt_Init.o
 .data          0x00000000        0x0 ./src/MPC57xx__Interrupt_Init.o
 .bss           0x00000000        0x0 ./src/MPC57xx__Interrupt_Init.o
 .debug_macro   0x00000000      0x616 ./src/MPC57xx__Interrupt_Init.o
 .debug_macro   0x00000000       0x52 ./src/MPC57xx__Interrupt_Init.o
 .debug_macro   0x00000000       0xa0 ./src/MPC57xx__Interrupt_Init.o
 .debug_macro   0x00000000       0x16 ./src/MPC57xx__Interrupt_Init.o
 .debug_macro   0x00000000       0x64 ./src/MPC57xx__Interrupt_Init.o
 .debug_macro   0x00000000      0x1a3 ./src/MPC57xx__Interrupt_Init.o
 .debug_macro   0x00000000      0x133 ./src/MPC57xx__Interrupt_Init.o
 .debug_macro   0x00000000       0x9d ./src/MPC57xx__Interrupt_Init.o
 .debug_macro   0x00000000       0x10 ./src/MPC57xx__Interrupt_Init.o
 .debug_macro   0x00000000      0x15b ./src/MPC57xx__Interrupt_Init.o
 .debug_macro   0x00000000       0x28 ./src/MPC57xx__Interrupt_Init.o
 .debug_macro   0x00000000       0x58 ./src/MPC57xx__Interrupt_Init.o
 .debug_macro   0x00000000    0x1814c ./src/MPC57xx__Interrupt_Init.o
 .debug_macro   0x00000000       0x2e ./src/MPC57xx__Interrupt_Init.o
 .text          0x00000000        0x0 C:/Freescale/S32_Power_v1.1/S32DS/e200_ewl2/lib/fp/e200z4\libc99.a(ctype.o)
 .data          0x00000000        0x0 C:/Freescale/S32_Power_v1.1/S32DS/e200_ewl2/lib/fp/e200z4\libc99.a(ctype.o)
 .bss           0x00000000        0x0 C:/Freescale/S32_Power_v1.1/S32DS/e200_ewl2/lib/fp/e200z4\libc99.a(ctype.o)
 .text.isalnum  0x00000000       0x22 C:/Freescale/S32_Power_v1.1/S32DS/e200_ewl2/lib/fp/e200z4\libc99.a(ctype.o)
 .text.isalpha  0x00000000       0x22 C:/Freescale/S32_Power_v1.1/S32DS/e200_ewl2/lib/fp/e200z4\libc99.a(ctype.o)
 .text.isblank  0x00000000       0x22 C:/Freescale/S32_Power_v1.1/S32DS/e200_ewl2/lib/fp/e200z4\libc99.a(ctype.o)
 .text.iscntrl  0x00000000       0x22 C:/Freescale/S32_Power_v1.1/S32DS/e200_ewl2/lib/fp/e200z4\libc99.a(ctype.o)
 .text.isdigit  0x00000000       0x22 C:/Freescale/S32_Power_v1.1/S32DS/e200_ewl2/lib/fp/e200z4\libc99.a(ctype.o)
 .text.isgraph  0x00000000       0x22 C:/Freescale/S32_Power_v1.1/S32DS/e200_ewl2/lib/fp/e200z4\libc99.a(ctype.o)
 .text.islower  0x00000000       0x22 C:/Freescale/S32_Power_v1.1/S32DS/e200_ewl2/lib/fp/e200z4\libc99.a(ctype.o)
 .text.isprint  0x00000000       0x22 C:/Freescale/S32_Power_v1.1/S32DS/e200_ewl2/lib/fp/e200z4\libc99.a(ctype.o)
 .text.ispunct  0x00000000       0x22 C:/Freescale/S32_Power_v1.1/S32DS/e200_ewl2/lib/fp/e200z4\libc99.a(ctype.o)
 .text.isspace  0x00000000       0x22 C:/Freescale/S32_Power_v1.1/S32DS/e200_ewl2/lib/fp/e200z4\libc99.a(ctype.o)
 .text.isupper  0x00000000       0x22 C:/Freescale/S32_Power_v1.1/S32DS/e200_ewl2/lib/fp/e200z4\libc99.a(ctype.o)
 .text.isxdigit
                0x00000000       0x22 C:/Freescale/S32_Power_v1.1/S32DS/e200_ewl2/lib/fp/e200z4\libc99.a(ctype.o)
 .text.tolower  0x00000000       0x16 C:/Freescale/S32_Power_v1.1/S32DS/e200_ewl2/lib/fp/e200z4\libc99.a(ctype.o)
 .text.toupper  0x00000000       0x16 C:/Freescale/S32_Power_v1.1/S32DS/e200_ewl2/lib/fp/e200z4\libc99.a(ctype.o)
 .rodata.__upper_mapC
                0x00000000       0x80 C:/Freescale/S32_Power_v1.1/S32DS/e200_ewl2/lib/fp/e200z4\libc99.a(ctype.o)
 .rodata.__lower_mapC
                0x00000000       0x80 C:/Freescale/S32_Power_v1.1/S32DS/e200_ewl2/lib/fp/e200z4\libc99.a(ctype.o)
 .text          0x00000000        0x0 C:/Freescale/S32_Power_v1.1/S32DS/e200_ewl2/lib/fp/e200z4\libc99.a(memcpy.o)
 .data          0x00000000        0x0 C:/Freescale/S32_Power_v1.1/S32DS/e200_ewl2/lib/fp/e200z4\libc99.a(memcpy.o)
 .bss           0x00000000        0x0 C:/Freescale/S32_Power_v1.1/S32DS/e200_ewl2/lib/fp/e200z4\libc99.a(memcpy.o)
 .text          0x00000000        0x0 C:/Freescale/S32_Power_v1.1/S32DS/e200_ewl2/lib/fp/e200z4\libc99.a(memset.o)
 .data          0x00000000        0x0 C:/Freescale/S32_Power_v1.1/S32DS/e200_ewl2/lib/fp/e200z4\libc99.a(memset.o)
 .bss           0x00000000        0x0 C:/Freescale/S32_Power_v1.1/S32DS/e200_ewl2/lib/fp/e200z4\libc99.a(memset.o)
 .text          0x00000000        0x0 C:/Freescale/S32_Power_v1.1/S32DS/e200_ewl2/lib/fp/e200z4\libc99.a(__filll_mem.o)
 .data          0x00000000        0x0 C:/Freescale/S32_Power_v1.1/S32DS/e200_ewl2/lib/fp/e200z4\libc99.a(__filll_mem.o)
 .bss           0x00000000        0x0 C:/Freescale/S32_Power_v1.1/S32DS/e200_ewl2/lib/fp/e200z4\libc99.a(__filll_mem.o)
 .data          0x00000000        0x0 c:/freescale/s32_power_v1.1/cross_tools/powerpc-eabivle-4_9/bin/../lib/gcc/powerpc-eabivle/4.9.2/fp/e200z4\libgcc.a(e200crtresxgpr.o)
 .bss           0x00000000        0x0 c:/freescale/s32_power_v1.1/cross_tools/powerpc-eabivle-4_9/bin/../lib/gcc/powerpc-eabivle/4.9.2/fp/e200z4\libgcc.a(e200crtresxgpr.o)

Memory Configuration

Name             Origin             Length             Attributes
flash_rchw       0x00fa0000         0x00000004
cpu0_reset_vec   0x00fa0010         0x00000004
cpu1_reset_vec   0x00fa0014         0x00000004
cpu2_reset_vec   0x00fa0004         0x00000004
m_text           0x01000000         0x001d0000
m_my_ram         0x40000000         0x00020000
m_data           0x40020000         0x00020000
*default*        0x00000000         0xffffffff

Linker script and memory map

LOAD ./Project_Settings/Startup_Code/startup.o
LOAD ./src/tung.o
LOAD ./src/srec.o
LOAD ./src/mode.o
LOAD ./src/main.o
LOAD ./src/linflexd_uart.o
LOAD ./src/intc_sw_handlers.o
LOAD ./src/intc_SW_mode_isr_vectors_MPC5748G.o
LOAD ./src/flashrchw.o
LOAD ./src/Vector.o
LOAD ./src/MPC57xx__Interrupt_Init.o
START GROUP
LOAD C:/Freescale/S32_Power_v1.1/S32DS/e200_ewl2/lib/fp/e200z4\libc99.a
LOAD C:/Freescale/S32_Power_v1.1/S32DS/e200_ewl2/lib/fp/e200z4\libm.a
LOAD c:/freescale/s32_power_v1.1/cross_tools/powerpc-eabivle-4_9/bin/../lib/gcc/powerpc-eabivle/4.9.2/fp/e200z4\libgcc.a
LOAD C:/Freescale/S32_Power_v1.1/S32DS/e200_ewl2/lib/fp/e200z4\librt.a
END GROUP
                0x00000000                __HEAP_SIZE = 0x0
                0x00001000                __STACK_SIZE = 0x1000
                0x00040000                SRAM_SIZE = 0x40000
                0x40000000                SRAM_BASE_ADDR = 0x40000000

.rchw           0x00fa0000        0x4
 *(.rchw)
 .rchw          0x00fa0000        0x4 ./src/flashrchw.o
                0x00fa0000                RCHW1

.cpu0_reset_vector
                0x00fa0010        0x4
 *(.cpu0_reset_vector)
 .cpu0_reset_vector
                0x00fa0010        0x4 ./src/flashrchw.o
                0x00fa0010                RCHW2_0

.cpu1_reset_vector
 *(.cpu1_reset_vector)

.cpu2_reset_vector
 *(.cpu2_reset_vector)

.startup        0x01000000      0x26a
                0x01000000                __start = .
 *(.startup)
 .startup       0x01000000      0x26a ./Project_Settings/Startup_Code/startup.o
                0x01000000                _start

.core_exceptions_table
                0x01001000       0xe4
                0x01001000                __IVPR_VALUE = .
 *(.core_exceptions_table)
 .core_exceptions_table
                0x01001000       0xe4 ./src/Vector.o
                0x01001000                IVOR0_Vector
                0x01001000                VTABLE
                0x01001010                IVOR1_Vector
                0x01001020                IVOR2_Vector
                0x01001030                IVOR3_Vector
                0x01001040                IVOR5_Vector
                0x01001040                IVOR4_Vector
                0x01001050                IVOR6_Vector
                0x01001060                IVOR7_Vector
                0x01001070                IVOR8_Vector
                0x01001080                IVOR9_Vector
                0x01001090                IVOR10_Vector
                0x010010a0                IVOR11_Vector
                0x010010b0                IVOR12_Vector
                0x010010c0                IVOR13_Vector
                0x010010d0                IVOR14_Vector
                0x010010e0                IVOR15_Vector

.intc_vector_table
                0x01002000      0xbc8
 *(.intc_vector_table)
 .intc_vector_table
                0x01002000      0xbc8 ./src/intc_SW_mode_isr_vectors_MPC5748G.o
                0x01002000                IntcIsrVectorTable

.text           0x01002bd0     0x1bb0
 *(.text.startup)
 *(.text)
 .text          0x01002bd0       0x2a ./src/main.o
                0x01002bd0                JumpToAddress
 *fill*         0x01002bfa        0x6 
 .text          0x01002c00       0x4c ./src/intc_sw_handlers.o
                0x01002c00                IVOR4_Handler
                0x01002c48                IVOR6_Handler
 .text          0x01002c4c       0x52 c:/freescale/s32_power_v1.1/cross_tools/powerpc-eabivle-4_9/bin/../lib/gcc/powerpc-eabivle/4.9.2/fp/e200z4\libgcc.a(e200crtresxgpr.o)
                0x01002c4c                _restgpr_14_x
                0x01002c50                _restgpr_15_x
                0x01002c54                _restgpr_16_x
                0x01002c58                _restgpr_17_x
                0x01002c5c                _restgpr_18_x
                0x01002c60                _restgpr_19_x
                0x01002c64                _restgpr_20_x
                0x01002c68                _restgpr_21_x
                0x01002c6c                _restgpr_22_x
                0x01002c70                _restgpr_23_x
                0x01002c74                _restgpr_24_x
                0x01002c78                _restgpr_25_x
                0x01002c7c                _restgpr_26_x
                0x01002c80                _restgpr_27_x
                0x01002c84                _restgpr_28_x
                0x01002c88                _restgpr_29_x
                0x01002c8c                _restgpr_30_x
                0x01002c90                _restgpr_31_x
 *(.init)
 *(.text.*)
 .text.isxdigit
                0x01002c9e       0x5c ./src/srec.o
                0x01002c9e                isxdigit
 .text.GetHex   0x01002cfa      0x186 ./src/srec.o
 .text.RecievedSrec
                0x01002e80      0x486 ./src/srec.o
                0x01002e80                RecievedSrec
 .text.PLL_160MHz
                0x01003306      0x10a ./src/mode.o
                0x01003306                PLL_160MHz
 .text.system160mhz
                0x01003410       0xaa ./src/mode.o
                0x01003410                system160mhz
 .text.hw_init  0x010034ba       0x14 ./src/main.o
                0x010034ba                hw_init
 .text.ProgramFlash
                0x010034ce      0x160 ./src/main.o
                0x010034ce                ProgramFlash
 .text.AppExecute
                0x0100362e       0x3e ./src/main.o
                0x0100362e                AppExecute
 .text.main     0x0100366c      0x13e ./src/main.o
                0x0100366c                main
 .text.peri_clock_gating
                0x010037aa       0x4c ./src/main.o
                0x010037aa                peri_clock_gating
 .text.LIN1RX_irq
                0x010037f6      0x332 ./src/main.o
                0x010037f6                LIN1RX_irq
 .text.LIN1TX_irq
                0x01003b28      0x204 ./src/main.o
                0x01003b28                LIN1TX_irq
 .text.initLINFlexD_1
                0x01003d2c      0x22c ./src/linflexd_uart.o
                0x01003d2c                initLINFlexD_1
 .text.rxLINFlexD_1
                0x01003f58       0x80 ./src/linflexd_uart.o
                0x01003f58                rxLINFlexD_1
 .text.txLINFlexD_1
                0x01003fd8       0xb8 ./src/linflexd_uart.o
                0x01003fd8                txLINFlexD_1
 .text.send2Term
                0x01004090       0xbc ./src/linflexd_uart.o
                0x01004090                send2Term
 .text.PutChar  0x0100414c      0x1c4 ./src/linflexd_uart.o
                0x0100414c                PutChar
 .text.GetChar  0x01004310      0x19c ./src/linflexd_uart.o
                0x01004310                GetChar
 .text.OutStr   0x010044ac       0x62 ./src/linflexd_uart.o
                0x010044ac                OutStr
 .text.dummy    0x0100450e        0xc ./src/intc_SW_mode_isr_vectors_MPC5748G.o
                0x0100450e                dummy
 .text.SetIVPR  0x0100451a       0x1a ./src/MPC57xx__Interrupt_Init.o
                0x0100451a                SetIVPR
 .text.InitINTC
                0x01004534       0x92 ./src/MPC57xx__Interrupt_Init.o
                0x01004534                InitINTC
 .text.enableIrq
                0x010045c6       0x48 ./src/MPC57xx__Interrupt_Init.o
                0x010045c6                enableIrq
 .text.xcptn_xmpl
                0x0100460e       0x34 ./src/MPC57xx__Interrupt_Init.o
                0x0100460e                xcptn_xmpl
 .text.memcpy   0x01004642       0x42 C:/Freescale/S32_Power_v1.1/S32DS/e200_ewl2/lib/fp/e200z4\libc99.a(memcpy.o)
                0x01004642                memcpy
 .text.memset   0x01004684       0x1a C:/Freescale/S32_Power_v1.1/S32DS/e200_ewl2/lib/fp/e200z4\libc99.a(memset.o)
                0x01004684                memset
 .text.__fill_mem
                0x0100469e       0xd8 C:/Freescale/S32_Power_v1.1/S32DS/e200_ewl2/lib/fp/e200z4\libc99.a(__filll_mem.o)
                0x0100469e                __fill_mem
                0x01004780                . = ALIGN (0x10)
 *fill*         0x01004776        0xa 

.glink          0x01004780        0x0
 .glink         0x01004780        0x0 ./Project_Settings/Startup_Code/startup.o

.rodata         0x01004780      0x1f2
 *(.rodata)
 .rodata        0x01004780       0x55 ./src/srec.o
 *fill*         0x010047d5        0x3 
 .rodata        0x010047d8       0x9a ./src/main.o
 *(.rodata.*)
 .rodata.__ctype_mapC
                0x01004872      0x100 C:/Freescale/S32_Power_v1.1/S32DS/e200_ewl2/lib/fp/e200z4\libc99.a(ctype.o)
                0x01004872                __ctype_mapC

.eh_frame_hdr   0x01004974       0x14
 *(.eh_frame_hdr)
 .eh_frame_hdr  0x01004974       0x14 c:/freescale/s32_power_v1.1/cross_tools/powerpc-eabivle-4_9/bin/../lib/gcc/powerpc-eabivle/4.9.2/fp/e200z4\libgcc.a(e200crtresxgpr.o)

.eh_frame       0x01004988       0x7c
 *(.eh_frame)
 .eh_frame      0x01004988        0x0 ./Project_Settings/Startup_Code/startup.o
 .eh_frame      0x01004988       0x7c c:/freescale/s32_power_v1.1/cross_tools/powerpc-eabivle-4_9/bin/../lib/gcc/powerpc-eabivle/4.9.2/fp/e200z4\libgcc.a(e200crtresxgpr.o)

.data           0x40020000        0x0 load address 0x01004a04
 *(.data)
 *(.data.*)

.sdata2         0x40020000        0x0 load address 0x01004a04
 *(.sdata2)
 .sdata2        0x40020000        0x0 ./Project_Settings/Startup_Code/startup.o
 *(.sdata2.*)

.rela.dyn       0x40020000        0x0 load address 0x01004a04
 .rela.iplt     0x40020000        0x0 ./Project_Settings/Startup_Code/startup.o
 .rela.text.isalnum
                0x40020000        0x0 ./Project_Settings/Startup_Code/startup.o
 .rela.text.isalpha
                0x40020000        0x0 ./Project_Settings/Startup_Code/startup.o
 .rela.text.isblank
                0x40020000        0x0 ./Project_Settings/Startup_Code/startup.o
 .rela.text.iscntrl
                0x40020000        0x0 ./Project_Settings/Startup_Code/startup.o
 .rela.text.isdigit
                0x40020000        0x0 ./Project_Settings/Startup_Code/startup.o
 .rela.text.isgraph
                0x40020000        0x0 ./Project_Settings/Startup_Code/startup.o
 .rela.text.islower
                0x40020000        0x0 ./Project_Settings/Startup_Code/startup.o
 .rela.text.isprint
                0x40020000        0x0 ./Project_Settings/Startup_Code/startup.o
 .rela.text.ispunct
                0x40020000        0x0 ./Project_Settings/Startup_Code/startup.o
 .rela.text.isspace
                0x40020000        0x0 ./Project_Settings/Startup_Code/startup.o
 .rela.text.isupper
                0x40020000        0x0 ./Project_Settings/Startup_Code/startup.o
 .rela.text.isxdigit
                0x40020000        0x0 ./Project_Settings/Startup_Code/startup.o
 .rela.text.tolower
                0x40020000        0x0 ./Project_Settings/Startup_Code/startup.o
 .rela.text.toupper
                0x40020000        0x0 ./Project_Settings/Startup_Code/startup.o
 .rela.text.LIN1RX_irq
                0x40020000        0x0 ./Project_Settings/Startup_Code/startup.o
 .rela.text.LIN1TX_irq
                0x40020000        0x0 ./Project_Settings/Startup_Code/startup.o
 .rela.text.initLINFlexD_1
                0x40020000        0x0 ./Project_Settings/Startup_Code/startup.o
 .rela.text.txLINFlexD_1
                0x40020000        0x0 ./Project_Settings/Startup_Code/startup.o
 .rela.text.PutChar
                0x40020000        0x0 ./Project_Settings/Startup_Code/startup.o
 .rela.text.GetChar
                0x40020000        0x0 ./Project_Settings/Startup_Code/startup.o

.sbss2
 *(.sbss2)
 *(.sbss2.*)

.sdata          0x40020000        0x0 load address 0x01004a04
 *(.sdata)
 .sdata         0x40020000        0x0 ./Project_Settings/Startup_Code/startup.o
 *(.sdata.*)

.bss            0x40020000       0xac load address 0x01004a04
                0x40020000                __BSS_START = .
 *(.sbss)
 .sbss          0x40020000        0x0 ./Project_Settings/Startup_Code/startup.o
 .sbss          0x40020000        0xb ./src/srec.o
                0x40020000                TxInProgress
                0x40020001                RxIn
                0x40020002                XOffSent
                0x40020003                SendXOn
                0x40020004                XOffRcvd
                0x40020005                TxBAvail
                0x40020006                SendXOff
                0x40020007                RxBAvail
                0x40020008                TxIn
                0x40020009                RxOut
                0x4002000a                TxOut
 .sbss          0x4002000b        0x1 ./src/linflexd_uart.o
                0x4002000b                UARTFirstTransmitFlag
 *(.sbss.*)
 *(.bss)
 *(.bss.*)
 *(COMMON)
 COMMON         0x4002000c       0xa0 ./src/srec.o
                0x4002000c                RxBuff
                0x4002006c                TxBuff
                0x400200ac                __BSS_END = .

.iplt           0x400200b0        0x0 load address 0x01004a04
 .iplt          0x400200b0        0x0 ./Project_Settings/Startup_Code/startup.o

.stack          0x400200b0     0x1004 load address 0x01004a10
                0x400200b0                __HEAP = .
                0x400200b0                PROVIDE (_end, .)
                0x400200b0                PROVIDE (end, .)
                0x400200b0                . = (. + __HEAP_SIZE)
                0x400200b0                __HEAP_END = .
                0x400200b0                _stack_end = .
                0x400210b0                . = (. + __STACK_SIZE)
 *fill*         0x400200b0     0x1000 
                0x400210b0                _stack_addr = .
                0x400210b0                __SP_INIT = .
                0x400210b4                . = (. + 0x4)
 *fill*         0x400210b0        0x4 

.MyRamCode      0x40000000        0x0
                0x40000000                MY_RAM_START = .
 *(.MyRamCode)
                0x40000000                MY_RAM_END = .
                0x40020000                __DATA_SRAM_ADDR = ADDR (.data)
                0x40020000                __SDATA_SRAM_ADDR = ADDR (.sdata)
                0x00000000                __DATA_SIZE = SIZEOF (.data)
                0x00000000                __SDATA_SIZE = SIZEOF (.sdata)
                0x01004a04                __DATA_ROM_ADDR = LOADADDR (.data)
                0x01004a04                __SDATA_ROM_ADDR = LOADADDR (.sdata)
                0x40000000                __MY_RAM_ADR = ADDR (.MyRamCode)
                0x00000000                __MY_RAM_SIZE = SIZEOF (.MyRamCode)
                0x00040000                __SRAM_SIZE = SRAM_SIZE
                0x40000000                __SRAM_BASE_ADDR = SRAM_BASE_ADDR
                0x000000ac                __BSS_SIZE = (__BSS_END - __BSS_START)
OUTPUT(bootloader_Z4_0.elf elf32-powerpc)

.PPC.EMB.apuinfo
                0x00000000       0x18
 .PPC.EMB.apuinfo
                0x00000000       0x18 ./Project_Settings/Startup_Code/startup.o
 .PPC.EMB.apuinfo
                0x00000018       0x18 ./src/srec.o
 .PPC.EMB.apuinfo
                0x00000030       0x18 ./src/mode.o
 .PPC.EMB.apuinfo
                0x00000048       0x18 ./src/main.o
 .PPC.EMB.apuinfo
                0x00000060       0x18 ./src/linflexd_uart.o
 .PPC.EMB.apuinfo
                0x00000078       0x18 ./src/intc_sw_handlers.o
 .PPC.EMB.apuinfo
                0x00000090       0x18 ./src/intc_SW_mode_isr_vectors_MPC5748G.o
 .PPC.EMB.apuinfo
                0x000000a8       0x18 ./src/Vector.o
 .PPC.EMB.apuinfo
                0x000000c0       0x18 ./src/MPC57xx__Interrupt_Init.o
 .PPC.EMB.apuinfo
                0x000000d8       0x18 C:/Freescale/S32_Power_v1.1/S32DS/e200_ewl2/lib/fp/e200z4\libc99.a(ctype.o)
 .PPC.EMB.apuinfo
                0x000000f0       0x18 C:/Freescale/S32_Power_v1.1/S32DS/e200_ewl2/lib/fp/e200z4\libc99.a(memcpy.o)
 .PPC.EMB.apuinfo
                0x00000108       0x18 C:/Freescale/S32_Power_v1.1/S32DS/e200_ewl2/lib/fp/e200z4\libc99.a(memset.o)
 .PPC.EMB.apuinfo
                0x00000120       0x18 C:/Freescale/S32_Power_v1.1/S32DS/e200_ewl2/lib/fp/e200z4\libc99.a(__filll_mem.o)
 .PPC.EMB.apuinfo
                0x00000138       0x18 c:/freescale/s32_power_v1.1/cross_tools/powerpc-eabivle-4_9/bin/../lib/gcc/powerpc-eabivle/4.9.2/fp/e200z4\libgcc.a(e200crtresxgpr.o)

.comment        0x00000000       0xa8
 .comment       0x00000000       0x54 ./src/srec.o
                                 0x55 (size before relaxing)
 .comment       0x00000054       0x55 ./src/mode.o
 .comment       0x00000054       0x55 ./src/main.o
 .comment       0x00000054       0x55 ./src/linflexd_uart.o
 .comment       0x00000054       0x55 ./src/intc_SW_mode_isr_vectors_MPC5748G.o
 .comment       0x00000054       0x55 ./src/flashrchw.o
 .comment       0x00000054       0x55 ./src/Vector.o
 .comment       0x00000054       0x55 ./src/MPC57xx__Interrupt_Init.o
 .comment       0x00000054       0x54 C:/Freescale/S32_Power_v1.1/S32DS/e200_ewl2/lib/fp/e200z4\libc99.a(ctype.o)
                                 0x55 (size before relaxing)
 .comment       0x000000a8       0x55 C:/Freescale/S32_Power_v1.1/S32DS/e200_ewl2/lib/fp/e200z4\libc99.a(memcpy.o)
 .comment       0x000000a8       0x55 C:/Freescale/S32_Power_v1.1/S32DS/e200_ewl2/lib/fp/e200z4\libc99.a(memset.o)
 .comment       0x000000a8       0x55 C:/Freescale/S32_Power_v1.1/S32DS/e200_ewl2/lib/fp/e200z4\libc99.a(__filll_mem.o)

.debug_line     0x00000000     0x1b38
 .debug_line    0x00000000       0xf5 ./Project_Settings/Startup_Code/startup.o
 .debug_line    0x000000f5      0x4fb ./src/srec.o
 .debug_line    0x000005f0      0x1f6 ./src/mode.o
 .debug_line    0x000007e6      0x560 ./src/main.o
 .debug_line    0x00000d46      0x2f2 ./src/linflexd_uart.o
 .debug_line    0x00001038       0x5e ./src/intc_sw_handlers.o
 .debug_line    0x00001096      0x1b7 ./src/intc_SW_mode_isr_vectors_MPC5748G.o
 .debug_line    0x0000124d      0x18a ./src/flashrchw.o
 .debug_line    0x000013d7       0xbd ./src/Vector.o
 .debug_line    0x00001494      0x21e ./src/MPC57xx__Interrupt_Init.o
 .debug_line    0x000016b2      0x1ef C:/Freescale/S32_Power_v1.1/S32DS/e200_ewl2/lib/fp/e200z4\libc99.a(ctype.o)
 .debug_line    0x000018a1       0x94 C:/Freescale/S32_Power_v1.1/S32DS/e200_ewl2/lib/fp/e200z4\libc99.a(memcpy.o)
 .debug_line    0x00001935       0x9e C:/Freescale/S32_Power_v1.1/S32DS/e200_ewl2/lib/fp/e200z4\libc99.a(memset.o)
 .debug_line    0x000019d3       0xe4 C:/Freescale/S32_Power_v1.1/S32DS/e200_ewl2/lib/fp/e200z4\libc99.a(__filll_mem.o)
 .debug_line    0x00001ab7       0x81 c:/freescale/s32_power_v1.1/cross_tools/powerpc-eabivle-4_9/bin/../lib/gcc/powerpc-eabivle/4.9.2/fp/e200z4\libgcc.a(e200crtresxgpr.o)

.debug_info     0x00000000     0x80ae
 .debug_info    0x00000000       0x7d ./Project_Settings/Startup_Code/startup.o
 .debug_info    0x0000007d      0x58b ./src/srec.o
 .debug_info    0x00000608     0x21f7 ./src/mode.o
 .debug_info    0x000027ff     0x2439 ./src/main.o
 .debug_info    0x00004c38     0x2654 ./src/linflexd_uart.o
 .debug_info    0x0000728c       0x6c ./src/intc_sw_handlers.o
 .debug_info    0x000072f8       0xb4 ./src/intc_SW_mode_isr_vectors_MPC5748G.o
 .debug_info    0x000073ac       0x93 ./src/flashrchw.o
 .debug_info    0x0000743f       0x21 ./src/Vector.o
 .debug_info    0x00007460      0x4be ./src/MPC57xx__Interrupt_Init.o
 .debug_info    0x0000791e      0x329 C:/Freescale/S32_Power_v1.1/S32DS/e200_ewl2/lib/fp/e200z4\libc99.a(ctype.o)
 .debug_info    0x00007c47      0x12e C:/Freescale/S32_Power_v1.1/S32DS/e200_ewl2/lib/fp/e200z4\libc99.a(memcpy.o)
 .debug_info    0x00007d75      0x125 C:/Freescale/S32_Power_v1.1/S32DS/e200_ewl2/lib/fp/e200z4\libc99.a(memset.o)
 .debug_info    0x00007e9a      0x13b C:/Freescale/S32_Power_v1.1/S32DS/e200_ewl2/lib/fp/e200z4\libc99.a(__filll_mem.o)
 .debug_info    0x00007fd5       0xd9 c:/freescale/s32_power_v1.1/cross_tools/powerpc-eabivle-4_9/bin/../lib/gcc/powerpc-eabivle/4.9.2/fp/e200z4\libgcc.a(e200crtresxgpr.o)

.debug_abbrev   0x00000000      0xb2f
 .debug_abbrev  0x00000000       0x14 ./Project_Settings/Startup_Code/startup.o
 .debug_abbrev  0x00000014      0x147 ./src/srec.o
 .debug_abbrev  0x0000015b      0x137 ./src/mode.o
 .debug_abbrev  0x00000292      0x230 ./src/main.o
 .debug_abbrev  0x000004c2      0x1d0 ./src/linflexd_uart.o
 .debug_abbrev  0x00000692       0x14 ./src/intc_sw_handlers.o
 .debug_abbrev  0x000006a6       0x7c ./src/intc_SW_mode_isr_vectors_MPC5748G.o
 .debug_abbrev  0x00000722       0x4e ./src/flashrchw.o
 .debug_abbrev  0x00000770       0x13 ./src/Vector.o
 .debug_abbrev  0x00000783      0x150 ./src/MPC57xx__Interrupt_Init.o
 .debug_abbrev  0x000008d3       0x8c C:/Freescale/S32_Power_v1.1/S32DS/e200_ewl2/lib/fp/e200z4\libc99.a(ctype.o)
 .debug_abbrev  0x0000095f       0xa5 C:/Freescale/S32_Power_v1.1/S32DS/e200_ewl2/lib/fp/e200z4\libc99.a(memcpy.o)
 .debug_abbrev  0x00000a04       0x98 C:/Freescale/S32_Power_v1.1/S32DS/e200_ewl2/lib/fp/e200z4\libc99.a(memset.o)
 .debug_abbrev  0x00000a9c       0x7f C:/Freescale/S32_Power_v1.1/S32DS/e200_ewl2/lib/fp/e200z4\libc99.a(__filll_mem.o)
 .debug_abbrev  0x00000b1b       0x14 c:/freescale/s32_power_v1.1/cross_tools/powerpc-eabivle-4_9/bin/../lib/gcc/powerpc-eabivle/4.9.2/fp/e200z4\libgcc.a(e200crtresxgpr.o)

.debug_aranges  0x00000000      0x3c0
 .debug_aranges
                0x00000000       0x20 ./Project_Settings/Startup_Code/startup.o
 .debug_aranges
                0x00000020       0x98 ./src/srec.o
 .debug_aranges
                0x000000b8       0x30 ./src/mode.o
 .debug_aranges
                0x000000e8       0xc8 ./src/main.o
 .debug_aranges
                0x000001b0       0x60 ./src/linflexd_uart.o
 .debug_aranges
                0x00000210       0x20 ./src/intc_sw_handlers.o
 .debug_aranges
                0x00000230       0x20 ./src/intc_SW_mode_isr_vectors_MPC5748G.o
 .debug_aranges
                0x00000250       0x18 ./src/flashrchw.o
 .debug_aranges
                0x00000268       0x18 ./src/Vector.o
 .debug_aranges
                0x00000280       0x38 ./src/MPC57xx__Interrupt_Init.o
 .debug_aranges
                0x000002b8       0x88 C:/Freescale/S32_Power_v1.1/S32DS/e200_ewl2/lib/fp/e200z4\libc99.a(ctype.o)
 .debug_aranges
                0x00000340       0x20 C:/Freescale/S32_Power_v1.1/S32DS/e200_ewl2/lib/fp/e200z4\libc99.a(memcpy.o)
 .debug_aranges
                0x00000360       0x20 C:/Freescale/S32_Power_v1.1/S32DS/e200_ewl2/lib/fp/e200z4\libc99.a(memset.o)
 .debug_aranges
                0x00000380       0x20 C:/Freescale/S32_Power_v1.1/S32DS/e200_ewl2/lib/fp/e200z4\libc99.a(__filll_mem.o)
 .debug_aranges
                0x000003a0       0x20 c:/freescale/s32_power_v1.1/cross_tools/powerpc-eabivle-4_9/bin/../lib/gcc/powerpc-eabivle/4.9.2/fp/e200z4\libgcc.a(e200crtresxgpr.o)

.debug_ranges   0x00000000      0x290
 .debug_ranges  0x00000000       0x88 ./src/srec.o
 .debug_ranges  0x00000088       0x20 ./src/mode.o
 .debug_ranges  0x000000a8       0xb8 ./src/main.o
 .debug_ranges  0x00000160       0x50 ./src/linflexd_uart.o
 .debug_ranges  0x000001b0       0x10 ./src/intc_SW_mode_isr_vectors_MPC5748G.o
 .debug_ranges  0x000001c0       0x28 ./src/MPC57xx__Interrupt_Init.o
 .debug_ranges  0x000001e8       0x78 C:/Freescale/S32_Power_v1.1/S32DS/e200_ewl2/lib/fp/e200z4\libc99.a(ctype.o)
 .debug_ranges  0x00000260       0x10 C:/Freescale/S32_Power_v1.1/S32DS/e200_ewl2/lib/fp/e200z4\libc99.a(memcpy.o)
 .debug_ranges  0x00000270       0x10 C:/Freescale/S32_Power_v1.1/S32DS/e200_ewl2/lib/fp/e200z4\libc99.a(memset.o)
 .debug_ranges  0x00000280       0x10 C:/Freescale/S32_Power_v1.1/S32DS/e200_ewl2/lib/fp/e200z4\libc99.a(__filll_mem.o)

.debug_macro    0x00000000    0x194a3
 .debug_macro   0x00000000      0x147 ./src/srec.o
 .debug_macro   0x00000147       0x10 ./src/srec.o
 .debug_macro   0x00000157       0x16 ./src/srec.o
 .debug_macro   0x0000016d       0x16 ./src/srec.o
 .debug_macro   0x00000183       0x10 ./src/srec.o
 .debug_macro   0x00000193       0x6a ./src/srec.o
 .debug_macro   0x000001fd    0x1814c ./src/srec.o
 .debug_macro   0x00018349      0xb67 ./src/srec.o
 .debug_macro   0x00018eb0       0x34 ./src/srec.o
 .debug_macro   0x00018ee4       0x1c ./src/srec.o
 .debug_macro   0x00018f00       0xba ./src/mode.o
 .debug_macro   0x00018fba      0x16d ./src/main.o
 .debug_macro   0x00019127       0xd1 ./src/linflexd_uart.o
 .debug_macro   0x000191f8       0xa1 ./src/intc_SW_mode_isr_vectors_MPC5748G.o
 .debug_macro   0x00019299       0xd1 ./src/flashrchw.o
 .debug_macro   0x0001936a       0x41 ./src/Vector.o
 .debug_macro   0x000193ab       0x2e ./src/Vector.o
 .debug_macro   0x000193d9       0xca ./src/MPC57xx__Interrupt_Init.o

.debug_str      0x00000000    0x69f5f
 .debug_str     0x00000000    0x686e8 ./src/srec.o
                              0x687c0 (size before relaxing)
 .debug_str     0x000686e8      0x851 ./src/mode.o
                              0x68ad6 (size before relaxing)
 .debug_str     0x00068f39      0x2d6 ./src/main.o
                              0x68ec9 (size before relaxing)
 .debug_str     0x0006920f      0x7d5 ./src/linflexd_uart.o
                              0x68daa (size before relaxing)
 .debug_str     0x000699e4       0x44 ./src/intc_SW_mode_isr_vectors_MPC5748G.o
                               0x39ef (size before relaxing)
 .debug_str     0x00069a28       0xee ./src/flashrchw.o
                               0x3a90 (size before relaxing)
 .debug_str     0x00069b16      0x185 ./src/Vector.o
                               0x2436 (size before relaxing)
 .debug_str     0x00069c9b       0xbe ./src/MPC57xx__Interrupt_Init.o
                              0x674af (size before relaxing)
 .debug_str     0x00069d59      0x1a3 C:/Freescale/S32_Power_v1.1/S32DS/e200_ewl2/lib/fp/e200z4\libc99.a(ctype.o)
                                0x2dd (size before relaxing)
 .debug_str     0x00069efc       0x1c C:/Freescale/S32_Power_v1.1/S32DS/e200_ewl2/lib/fp/e200z4\libc99.a(memcpy.o)
                                0x243 (size before relaxing)
 .debug_str     0x00069f18       0x2d C:/Freescale/S32_Power_v1.1/S32DS/e200_ewl2/lib/fp/e200z4\libc99.a(memset.o)
                                0x256 (size before relaxing)
 .debug_str     0x00069f45       0x1a C:/Freescale/S32_Power_v1.1/S32DS/e200_ewl2/lib/fp/e200z4\libc99.a(__filll_mem.o)
                                0x25d (size before relaxing)

.debug_frame    0x00000000      0x980
 .debug_frame   0x00000000      0x258 ./src/srec.o
 .debug_frame   0x00000258       0x80 ./src/mode.o
 .debug_frame   0x000002d8      0x324 ./src/main.o
 .debug_frame   0x000005fc      0x158 ./src/linflexd_uart.o
 .debug_frame   0x00000754       0x2c ./src/intc_SW_mode_isr_vectors_MPC5748G.o
 .debug_frame   0x00000780       0xa0 ./src/MPC57xx__Interrupt_Init.o
 .debug_frame   0x00000820       0xf0 C:/Freescale/S32_Power_v1.1/S32DS/e200_ewl2/lib/fp/e200z4\libc99.a(ctype.o)
 .debug_frame   0x00000910       0x20 C:/Freescale/S32_Power_v1.1/S32DS/e200_ewl2/lib/fp/e200z4\libc99.a(memcpy.o)
 .debug_frame   0x00000930       0x30 C:/Freescale/S32_Power_v1.1/S32DS/e200_ewl2/lib/fp/e200z4\libc99.a(memset.o)
 .debug_frame   0x00000960       0x20 C:/Freescale/S32_Power_v1.1/S32DS/e200_ewl2/lib/fp/e200z4\libc99.a(__filll_mem.o)

.debug_loc      0x00000000      0x62d
 .debug_loc     0x00000000      0x1ce C:/Freescale/S32_Power_v1.1/S32DS/e200_ewl2/lib/fp/e200z4\libc99.a(ctype.o)
 .debug_loc     0x000001ce      0x189 C:/Freescale/S32_Power_v1.1/S32DS/e200_ewl2/lib/fp/e200z4\libc99.a(memcpy.o)
 .debug_loc     0x00000357       0x60 C:/Freescale/S32_Power_v1.1/S32DS/e200_ewl2/lib/fp/e200z4\libc99.a(memset.o)
 .debug_loc     0x000003b7      0x276 C:/Freescale/S32_Power_v1.1/S32DS/e200_ewl2/lib/fp/e200z4\libc99.a(__filll_mem.o)
