
Discarded input sections

 .text          0x00000000        0x0 ./Project_Settings/Startup_Code/startup.o
 .data          0x00000000        0x0 ./Project_Settings/Startup_Code/startup.o
 .bss           0x00000000        0x0 ./Project_Settings/Startup_Code/startup.o
 .group         0x00000000        0x8 ./src/mode.o
 .group         0x00000000        0x8 ./src/mode.o
 .group         0x00000000        0x8 ./src/mode.o
 .group         0x00000000        0x8 ./src/mode.o
 .group         0x00000000        0x8 ./src/mode.o
 .group         0x00000000        0x8 ./src/mode.o
 .group         0x00000000        0x8 ./src/mode.o
 .group         0x00000000        0x8 ./src/mode.o
 .group         0x00000000        0x8 ./src/mode.o
 .group         0x00000000        0x8 ./src/mode.o
 .group         0x00000000        0x8 ./src/mode.o
 .group         0x00000000        0x8 ./src/mode.o
 .group         0x00000000        0x8 ./src/mode.o
 .group         0x00000000        0x8 ./src/mode.o
 .text          0x00000000        0x0 ./src/mode.o
 .data          0x00000000        0x0 ./src/mode.o
 .bss           0x00000000        0x0 ./src/mode.o
 .text.enter_STOP_mode
                0x00000000       0x6e ./src/mode.o
 .group         0x00000000        0x8 ./src/main_Z4_0.o
 .group         0x00000000        0x8 ./src/main_Z4_0.o
 .group         0x00000000        0x8 ./src/main_Z4_0.o
 .group         0x00000000        0x8 ./src/main_Z4_0.o
 .group         0x00000000        0x8 ./src/main_Z4_0.o
 .group         0x00000000        0x8 ./src/main_Z4_0.o
 .group         0x00000000        0x8 ./src/main_Z4_0.o
 .group         0x00000000        0x8 ./src/main_Z4_0.o
 .group         0x00000000        0x8 ./src/main_Z4_0.o
 .group         0x00000000        0x8 ./src/main_Z4_0.o
 .group         0x00000000        0x8 ./src/main_Z4_0.o
 .group         0x00000000        0x8 ./src/main_Z4_0.o
 .group         0x00000000        0x8 ./src/main_Z4_0.o
 .group         0x00000000        0x8 ./src/main_Z4_0.o
 .text          0x00000000        0x0 ./src/main_Z4_0.o
 .data          0x00000000        0x0 ./src/main_Z4_0.o
 .bss           0x00000000        0x0 ./src/main_Z4_0.o
 .debug_macro   0x00000000      0x628 ./src/main_Z4_0.o
 .debug_macro   0x00000000       0x52 ./src/main_Z4_0.o
 .debug_macro   0x00000000       0xa0 ./src/main_Z4_0.o
 .debug_macro   0x00000000       0x16 ./src/main_Z4_0.o
 .debug_macro   0x00000000       0x64 ./src/main_Z4_0.o
 .debug_macro   0x00000000      0x1a3 ./src/main_Z4_0.o
 .debug_macro   0x00000000      0x133 ./src/main_Z4_0.o
 .debug_macro   0x00000000       0x9d ./src/main_Z4_0.o
 .debug_macro   0x00000000       0x10 ./src/main_Z4_0.o
 .debug_macro   0x00000000      0x15b ./src/main_Z4_0.o
 .debug_macro   0x00000000       0x28 ./src/main_Z4_0.o
 .debug_macro   0x00000000       0x58 ./src/main_Z4_0.o
 .debug_macro   0x00000000    0x1814c ./src/main_Z4_0.o
 .debug_macro   0x00000000      0xb67 ./src/main_Z4_0.o
 .data          0x00000000        0x0 ./src/intc_sw_handlers.o
 .bss           0x00000000        0x0 ./src/intc_sw_handlers.o
 .group         0x00000000        0x8 ./src/intc_SW_mode_isr_vectors_MPC5748G.o
 .group         0x00000000        0x8 ./src/intc_SW_mode_isr_vectors_MPC5748G.o
 .group         0x00000000        0x8 ./src/intc_SW_mode_isr_vectors_MPC5748G.o
 .group         0x00000000        0x8 ./src/intc_SW_mode_isr_vectors_MPC5748G.o
 .group         0x00000000        0x8 ./src/intc_SW_mode_isr_vectors_MPC5748G.o
 .group         0x00000000        0x8 ./src/intc_SW_mode_isr_vectors_MPC5748G.o
 .group         0x00000000        0x8 ./src/intc_SW_mode_isr_vectors_MPC5748G.o
 .group         0x00000000        0x8 ./src/intc_SW_mode_isr_vectors_MPC5748G.o
 .group         0x00000000        0x8 ./src/intc_SW_mode_isr_vectors_MPC5748G.o
 .group         0x00000000        0x8 ./src/intc_SW_mode_isr_vectors_MPC5748G.o
 .group         0x00000000        0x8 ./src/intc_SW_mode_isr_vectors_MPC5748G.o
 .group         0x00000000        0x8 ./src/intc_SW_mode_isr_vectors_MPC5748G.o
 .text          0x00000000        0x0 ./src/intc_SW_mode_isr_vectors_MPC5748G.o
 .data          0x00000000        0x0 ./src/intc_SW_mode_isr_vectors_MPC5748G.o
 .bss           0x00000000        0x0 ./src/intc_SW_mode_isr_vectors_MPC5748G.o
 .debug_macro   0x00000000      0x628 ./src/intc_SW_mode_isr_vectors_MPC5748G.o
 .debug_macro   0x00000000       0x52 ./src/intc_SW_mode_isr_vectors_MPC5748G.o
 .debug_macro   0x00000000       0xa0 ./src/intc_SW_mode_isr_vectors_MPC5748G.o
 .debug_macro   0x00000000       0x16 ./src/intc_SW_mode_isr_vectors_MPC5748G.o
 .debug_macro   0x00000000       0x64 ./src/intc_SW_mode_isr_vectors_MPC5748G.o
 .debug_macro   0x00000000      0x1a3 ./src/intc_SW_mode_isr_vectors_MPC5748G.o
 .debug_macro   0x00000000      0x133 ./src/intc_SW_mode_isr_vectors_MPC5748G.o
 .debug_macro   0x00000000       0x9d ./src/intc_SW_mode_isr_vectors_MPC5748G.o
 .debug_macro   0x00000000       0x10 ./src/intc_SW_mode_isr_vectors_MPC5748G.o
 .debug_macro   0x00000000      0x15b ./src/intc_SW_mode_isr_vectors_MPC5748G.o
 .debug_macro   0x00000000       0x28 ./src/intc_SW_mode_isr_vectors_MPC5748G.o
 .debug_macro   0x00000000       0x58 ./src/intc_SW_mode_isr_vectors_MPC5748G.o
 .group         0x00000000        0x8 ./src/flashrchw.o
 .group         0x00000000        0x8 ./src/flashrchw.o
 .group         0x00000000        0x8 ./src/flashrchw.o
 .group         0x00000000        0x8 ./src/flashrchw.o
 .group         0x00000000        0x8 ./src/flashrchw.o
 .group         0x00000000        0x8 ./src/flashrchw.o
 .group         0x00000000        0x8 ./src/flashrchw.o
 .group         0x00000000        0x8 ./src/flashrchw.o
 .group         0x00000000        0x8 ./src/flashrchw.o
 .group         0x00000000        0x8 ./src/flashrchw.o
 .group         0x00000000        0x8 ./src/flashrchw.o
 .group         0x00000000        0x8 ./src/flashrchw.o
 .text          0x00000000        0x0 ./src/flashrchw.o
 .data          0x00000000        0x0 ./src/flashrchw.o
 .bss           0x00000000        0x0 ./src/flashrchw.o
 .debug_macro   0x00000000      0x628 ./src/flashrchw.o
 .debug_macro   0x00000000       0x52 ./src/flashrchw.o
 .debug_macro   0x00000000       0xa0 ./src/flashrchw.o
 .debug_macro   0x00000000       0x16 ./src/flashrchw.o
 .debug_macro   0x00000000       0x64 ./src/flashrchw.o
 .debug_macro   0x00000000      0x1a3 ./src/flashrchw.o
 .debug_macro   0x00000000      0x133 ./src/flashrchw.o
 .debug_macro   0x00000000       0x9d ./src/flashrchw.o
 .debug_macro   0x00000000       0x10 ./src/flashrchw.o
 .debug_macro   0x00000000      0x15b ./src/flashrchw.o
 .debug_macro   0x00000000       0x28 ./src/flashrchw.o
 .debug_macro   0x00000000       0x58 ./src/flashrchw.o
 .group         0x00000000        0x8 ./src/Vector.o
 .group         0x00000000        0x8 ./src/Vector.o
 .group         0x00000000        0x8 ./src/Vector.o
 .group         0x00000000        0x8 ./src/Vector.o
 .group         0x00000000        0x8 ./src/Vector.o
 .text          0x00000000        0x0 ./src/Vector.o
 .data          0x00000000        0x0 ./src/Vector.o
 .bss           0x00000000        0x0 ./src/Vector.o
 .debug_macro   0x00000000      0x628 ./src/Vector.o
 .debug_macro   0x00000000       0x52 ./src/Vector.o
 .debug_macro   0x00000000       0xa0 ./src/Vector.o
 .debug_macro   0x00000000       0x16 ./src/Vector.o
 .group         0x00000000        0x8 ./src/MPC57xx__Interrupt_Init.o
 .group         0x00000000        0x8 ./src/MPC57xx__Interrupt_Init.o
 .group         0x00000000        0x8 ./src/MPC57xx__Interrupt_Init.o
 .group         0x00000000        0x8 ./src/MPC57xx__Interrupt_Init.o
 .group         0x00000000        0x8 ./src/MPC57xx__Interrupt_Init.o
 .group         0x00000000        0x8 ./src/MPC57xx__Interrupt_Init.o
 .group         0x00000000        0x8 ./src/MPC57xx__Interrupt_Init.o
 .group         0x00000000        0x8 ./src/MPC57xx__Interrupt_Init.o
 .group         0x00000000        0x8 ./src/MPC57xx__Interrupt_Init.o
 .group         0x00000000        0x8 ./src/MPC57xx__Interrupt_Init.o
 .group         0x00000000        0x8 ./src/MPC57xx__Interrupt_Init.o
 .group         0x00000000        0x8 ./src/MPC57xx__Interrupt_Init.o
 .group         0x00000000        0x8 ./src/MPC57xx__Interrupt_Init.o
 .group         0x00000000        0x8 ./src/MPC57xx__Interrupt_Init.o
 .text          0x00000000        0x0 ./src/MPC57xx__Interrupt_Init.o
 .data          0x00000000        0x0 ./src/MPC57xx__Interrupt_Init.o
 .bss           0x00000000        0x0 ./src/MPC57xx__Interrupt_Init.o
 .debug_macro   0x00000000      0x628 ./src/MPC57xx__Interrupt_Init.o
 .debug_macro   0x00000000       0x52 ./src/MPC57xx__Interrupt_Init.o
 .debug_macro   0x00000000       0xa0 ./src/MPC57xx__Interrupt_Init.o
 .debug_macro   0x00000000       0x16 ./src/MPC57xx__Interrupt_Init.o
 .debug_macro   0x00000000       0x64 ./src/MPC57xx__Interrupt_Init.o
 .debug_macro   0x00000000      0x1a3 ./src/MPC57xx__Interrupt_Init.o
 .debug_macro   0x00000000      0x133 ./src/MPC57xx__Interrupt_Init.o
 .debug_macro   0x00000000       0x9d ./src/MPC57xx__Interrupt_Init.o
 .debug_macro   0x00000000       0x10 ./src/MPC57xx__Interrupt_Init.o
 .debug_macro   0x00000000      0x15b ./src/MPC57xx__Interrupt_Init.o
 .debug_macro   0x00000000       0x28 ./src/MPC57xx__Interrupt_Init.o
 .debug_macro   0x00000000       0x58 ./src/MPC57xx__Interrupt_Init.o
 .debug_macro   0x00000000    0x1814c ./src/MPC57xx__Interrupt_Init.o
 .debug_macro   0x00000000       0x2e ./src/MPC57xx__Interrupt_Init.o

Memory Configuration

Name             Origin             Length             Attributes
flash_rchw       0x00fa0000         0x00000004
cpu0_reset_vec   0x00fa0010         0x00000004
cpu1_reset_vec   0x00fa0014         0x00000004
cpu2_reset_vec   0x00fa0004         0x00000004
m_text           0x01000000         0x001d0000
m_data           0x40000000         0x00040000
*default*        0x00000000         0xffffffff

Linker script and memory map

LOAD ./Project_Settings/Startup_Code/startup.o
LOAD ./src/mode.o
LOAD ./src/main_Z4_0.o
LOAD ./src/intc_sw_handlers.o
LOAD ./src/intc_SW_mode_isr_vectors_MPC5748G.o
LOAD ./src/flashrchw.o
LOAD ./src/Vector.o
LOAD ./src/MPC57xx__Interrupt_Init.o
START GROUP
LOAD C:/Freescale/S32_Power_v1.1/S32DS/e200_ewl2/lib/fp/e200z4\libc99.a
LOAD C:/Freescale/S32_Power_v1.1/S32DS/e200_ewl2/lib/fp/e200z4\libm.a
LOAD c:/freescale/s32_power_v1.1/cross_tools/powerpc-eabivle-4_9/bin/../lib/gcc/powerpc-eabivle/4.9.2/fp/e200z4\libgcc.a
LOAD C:/Freescale/S32_Power_v1.1/S32DS/e200_ewl2/lib/fp/e200z4\librt.a
END GROUP
                0x00000000                __HEAP_SIZE = 0x0
                0x00001000                __STACK_SIZE = 0x1000
                0x00040000                SRAM_SIZE = 0x40000
                0x40000000                SRAM_BASE_ADDR = 0x40000000

.rchw           0x00fa0000        0x4
 *(.rchw)
 .rchw          0x00fa0000        0x4 ./src/flashrchw.o
                0x00fa0000                RCHW1

.cpu0_reset_vector
                0x00fa0010        0x4
 *(.cpu0_reset_vector)
 .cpu0_reset_vector
                0x00fa0010        0x4 ./src/flashrchw.o
                0x00fa0010                RCHW2_0

.cpu1_reset_vector
                0x00fa0014        0x4
 *(.cpu1_reset_vector)
 .cpu1_reset_vector
                0x00fa0014        0x4 ./src/flashrchw.o
                0x00fa0014                RCHW2_1

.cpu2_reset_vector
                0x00fa0004        0x4
 *(.cpu2_reset_vector)
 .cpu2_reset_vector
                0x00fa0004        0x4 ./src/flashrchw.o
                0x00fa0004                RCHW2_2

.startup        0x01000000      0x26e
                0x01000000                __start = .
 *(.startup)
 .startup       0x01000000      0x26e ./Project_Settings/Startup_Code/startup.o
                0x01000000                _start

.core_exceptions_table
                0x01001000       0xf4
                0x01001000                __IVPR_VALUE = .
 *(.core_exceptions_table)
 .core_exceptions_table
                0x01001000       0xf4 ./src/Vector.o
                0x01001000                IVOR0_Vector
                0x01001000                VTABLE
                0x01001010                IVOR1_Vector
                0x01001020                IVOR2_Vector
                0x01001030                IVOR3_Vector
                0x01001040                IVOR4_Vector
                0x01001050                IVOR5_Vector
                0x01001060                IVOR6_Vector
                0x01001070                IVOR7_Vector
                0x01001080                IVOR8_Vector
                0x01001090                IVOR9_Vector
                0x010010a0                IVOR10_Vector
                0x010010b0                IVOR11_Vector
                0x010010c0                IVOR12_Vector
                0x010010d0                IVOR13_Vector
                0x010010e0                IVOR14_Vector
                0x010010f0                IVOR15_Vector

.intc_vector_table
                0x01002000      0xbc8
 *(.intc_vector_table)
 .intc_vector_table
                0x01002000      0xbc8 ./src/intc_SW_mode_isr_vectors_MPC5748G.o
                0x01002000                IntcIsrVectorTable

.text           0x01002bd0      0x470
 *(.text.startup)
 *(.text)
 .text          0x01002bd0       0x48 ./src/intc_sw_handlers.o
                0x01002bd0                IVOR4_Handler
 *(.init)
 *(.text.*)
 .text.PLL_160MHz
                0x01002c18      0x10a ./src/mode.o
                0x01002c18                PLL_160MHz
 .text.system160mhz
                0x01002d22       0xaa ./src/mode.o
                0x01002d22                system160mhz
 .text.gpio_init
                0x01002dcc       0x4c ./src/main_Z4_0.o
                0x01002dcc                gpio_init
 .text.hw_init  0x01002e18       0x94 ./src/main_Z4_0.o
                0x01002e18                hw_init
 .text.main     0x01002eac       0x20 ./src/main_Z4_0.o
                0x01002eac                main
 .text.peri_clock_gating
                0x01002ecc       0x34 ./src/main_Z4_0.o
                0x01002ecc                peri_clock_gating
 .text.dummy    0x01002f00        0xc ./src/intc_SW_mode_isr_vectors_MPC5748G.o
                0x01002f00                dummy
 .text.SetIVPR  0x01002f0c       0x1a ./src/MPC57xx__Interrupt_Init.o
                0x01002f0c                SetIVPR
 .text.InitINTC
                0x01002f26       0x92 ./src/MPC57xx__Interrupt_Init.o
                0x01002f26                InitINTC
 .text.enableIrq
                0x01002fb8       0x48 ./src/MPC57xx__Interrupt_Init.o
                0x01002fb8                enableIrq
 .text.xcptn_xmpl
                0x01003000       0x34 ./src/MPC57xx__Interrupt_Init.o
                0x01003000                xcptn_xmpl
                0x01003040                . = ALIGN (0x10)
 *fill*         0x01003034        0xc 

.glink          0x01003040        0x0
 .glink         0x01003040        0x0 ./Project_Settings/Startup_Code/startup.o

.rodata
 *(.rodata)
 *(.rodata.*)

.eh_frame_hdr   0x01003040        0x0
 *(.eh_frame_hdr)
 .eh_frame_hdr  0x01003040        0x0 ./src/MPC57xx__Interrupt_Init.o

.eh_frame       0x01003040        0x0
 *(.eh_frame)
 .eh_frame      0x01003040        0x0 ./Project_Settings/Startup_Code/startup.o

.data           0x40000000        0x0 load address 0x01003040
 *(.data)
 *(.data.*)

.sdata2         0x40000000        0x0 load address 0x01003040
 *(.sdata2)
 .sdata2        0x40000000        0x0 ./Project_Settings/Startup_Code/startup.o
 *(.sdata2.*)

.rela.dyn       0x40000000        0x0 load address 0x01003040
 .rela.iplt     0x40000000        0x0 ./Project_Settings/Startup_Code/startup.o

.sbss2
 *(.sbss2)
 *(.sbss2.*)

.sdata          0x40000000        0x0 load address 0x01003040
 *(.sdata)
 .sdata         0x40000000        0x0 ./Project_Settings/Startup_Code/startup.o
 *(.sdata.*)

.bss            0x40000000        0x0 load address 0x01003040
                0x40000000                __BSS_START = .
 *(.sbss)
 *(.sbss.*)
 *(.bss)
 *(.bss.*)
 *(COMMON)
                0x40000000                __BSS_END = .

.iplt           0x40000000        0x0 load address 0x01003040
 .iplt          0x40000000        0x0 ./Project_Settings/Startup_Code/startup.o

.stack          0x40000000     0x1004 load address 0x01003040
                0x40000000                __HEAP = .
                0x40000000                PROVIDE (_end, .)
                0x40000000                PROVIDE (end, .)
                0x40000000                . = (. + __HEAP_SIZE)
                0x40000000                __HEAP_END = .
                0x40000000                _stack_end = .
                0x40001000                . = (. + __STACK_SIZE)
 *fill*         0x40000000     0x1000 
                0x40001000                _stack_addr = .
                0x40001000                __SP_INIT = .
                0x40001004                . = (. + 0x4)
 *fill*         0x40001000        0x4 
                0x40000000                __DATA_SRAM_ADDR = ADDR (.data)
                0x40000000                __SDATA_SRAM_ADDR = ADDR (.sdata)
                0x00000000                __DATA_SIZE = SIZEOF (.data)
                0x00000000                __SDATA_SIZE = SIZEOF (.sdata)
                0x01003040                __DATA_ROM_ADDR = LOADADDR (.data)
                0x01003040                __SDATA_ROM_ADDR = LOADADDR (.sdata)
                0x00040000                __SRAM_SIZE = SRAM_SIZE
                0x40000000                __SRAM_BASE_ADDR = SRAM_BASE_ADDR
                0x00000000                __BSS_SIZE = (__BSS_END - __BSS_START)
OUTPUT(LED_Blinky_Z4_0.elf elf32-powerpc)

.PPC.EMB.apuinfo
                0x00000000       0x18
 .PPC.EMB.apuinfo
                0x00000000       0x18 ./Project_Settings/Startup_Code/startup.o
 .PPC.EMB.apuinfo
                0x00000018       0x18 ./src/mode.o
 .PPC.EMB.apuinfo
                0x00000030       0x18 ./src/main_Z4_0.o
 .PPC.EMB.apuinfo
                0x00000048       0x18 ./src/intc_sw_handlers.o
 .PPC.EMB.apuinfo
                0x00000060       0x18 ./src/intc_SW_mode_isr_vectors_MPC5748G.o
 .PPC.EMB.apuinfo
                0x00000078       0x18 ./src/Vector.o
 .PPC.EMB.apuinfo
                0x00000090       0x18 ./src/MPC57xx__Interrupt_Init.o

.comment        0x00000000       0x54
 .comment       0x00000000       0x54 ./src/mode.o
                                 0x55 (size before relaxing)
 .comment       0x00000054       0x55 ./src/main_Z4_0.o
 .comment       0x00000054       0x55 ./src/intc_SW_mode_isr_vectors_MPC5748G.o
 .comment       0x00000054       0x55 ./src/flashrchw.o
 .comment       0x00000054       0x55 ./src/Vector.o
 .comment       0x00000054       0x55 ./src/MPC57xx__Interrupt_Init.o

.debug_line     0x00000000      0xb79
 .debug_line    0x00000000       0xf6 ./Project_Settings/Startup_Code/startup.o
 .debug_line    0x000000f6      0x1f6 ./src/mode.o
 .debug_line    0x000002ec      0x214 ./src/main_Z4_0.o
 .debug_line    0x00000500       0x5d ./src/intc_sw_handlers.o
 .debug_line    0x0000055d      0x1b7 ./src/intc_SW_mode_isr_vectors_MPC5748G.o
 .debug_line    0x00000714      0x18a ./src/flashrchw.o
 .debug_line    0x0000089e       0xbd ./src/Vector.o
 .debug_line    0x0000095b      0x21e ./src/MPC57xx__Interrupt_Init.o

.debug_info     0x00000000     0x4e10
 .debug_info    0x00000000       0x77 ./Project_Settings/Startup_Code/startup.o
 .debug_info    0x00000077     0x21f7 ./src/mode.o
 .debug_info    0x0000226e     0x24f4 ./src/main_Z4_0.o
 .debug_info    0x00004762       0x66 ./src/intc_sw_handlers.o
 .debug_info    0x000047c8       0xb4 ./src/intc_SW_mode_isr_vectors_MPC5748G.o
 .debug_info    0x0000487c       0xb5 ./src/flashrchw.o
 .debug_info    0x00004931       0x21 ./src/Vector.o
 .debug_info    0x00004952      0x4be ./src/MPC57xx__Interrupt_Init.o

.debug_abbrev   0x00000000      0x4f5
 .debug_abbrev  0x00000000       0x14 ./Project_Settings/Startup_Code/startup.o
 .debug_abbrev  0x00000014      0x137 ./src/mode.o
 .debug_abbrev  0x0000014b      0x169 ./src/main_Z4_0.o
 .debug_abbrev  0x000002b4       0x14 ./src/intc_sw_handlers.o
 .debug_abbrev  0x000002c8       0x7c ./src/intc_SW_mode_isr_vectors_MPC5748G.o
 .debug_abbrev  0x00000344       0x4e ./src/flashrchw.o
 .debug_abbrev  0x00000392       0x13 ./src/Vector.o
 .debug_abbrev  0x000003a5      0x150 ./src/MPC57xx__Interrupt_Init.o

.debug_aranges  0x00000000      0x130
 .debug_aranges
                0x00000000       0x20 ./Project_Settings/Startup_Code/startup.o
 .debug_aranges
                0x00000020       0x30 ./src/mode.o
 .debug_aranges
                0x00000050       0x38 ./src/main_Z4_0.o
 .debug_aranges
                0x00000088       0x20 ./src/intc_sw_handlers.o
 .debug_aranges
                0x000000a8       0x20 ./src/intc_SW_mode_isr_vectors_MPC5748G.o
 .debug_aranges
                0x000000c8       0x18 ./src/flashrchw.o
 .debug_aranges
                0x000000e0       0x18 ./src/Vector.o
 .debug_aranges
                0x000000f8       0x38 ./src/MPC57xx__Interrupt_Init.o

.debug_ranges   0x00000000       0x80
 .debug_ranges  0x00000000       0x20 ./src/mode.o
 .debug_ranges  0x00000020       0x28 ./src/main_Z4_0.o
 .debug_ranges  0x00000048       0x10 ./src/intc_SW_mode_isr_vectors_MPC5748G.o
 .debug_ranges  0x00000058       0x28 ./src/MPC57xx__Interrupt_Init.o

.debug_macro    0x00000000    0x19df4
 .debug_macro   0x00000000       0xba ./src/mode.o
 .debug_macro   0x000000ba      0x628 ./src/mode.o
 .debug_macro   0x000006e2       0x52 ./src/mode.o
 .debug_macro   0x00000734       0xa0 ./src/mode.o
 .debug_macro   0x000007d4       0x16 ./src/mode.o
 .debug_macro   0x000007ea       0x64 ./src/mode.o
 .debug_macro   0x0000084e      0x1a3 ./src/mode.o
 .debug_macro   0x000009f1      0x133 ./src/mode.o
 .debug_macro   0x00000b24       0x9d ./src/mode.o
 .debug_macro   0x00000bc1       0x10 ./src/mode.o
 .debug_macro   0x00000bd1      0x15b ./src/mode.o
 .debug_macro   0x00000d2c       0x28 ./src/mode.o
 .debug_macro   0x00000d54       0x58 ./src/mode.o
 .debug_macro   0x00000dac    0x1814c ./src/mode.o
 .debug_macro   0x00018ef8      0xb67 ./src/mode.o
 .debug_macro   0x00019a5f       0xea ./src/main_Z4_0.o
 .debug_macro   0x00019b49       0xa1 ./src/intc_SW_mode_isr_vectors_MPC5748G.o
 .debug_macro   0x00019bea       0xd1 ./src/flashrchw.o
 .debug_macro   0x00019cbb       0x41 ./src/Vector.o
 .debug_macro   0x00019cfc       0x2e ./src/Vector.o
 .debug_macro   0x00019d2a       0xca ./src/MPC57xx__Interrupt_Init.o

.debug_str      0x00000000    0x695b4
 .debug_str     0x00000000    0x68a3e ./src/mode.o
                              0x68b06 (size before relaxing)
 .debug_str     0x00068a3e      0x731 ./src/main_Z4_0.o
                              0x68e5d (size before relaxing)
 .debug_str     0x0006916f       0x44 ./src/intc_SW_mode_isr_vectors_MPC5748G.o
                               0x3a1f (size before relaxing)
 .debug_str     0x000691b3      0x11c ./src/flashrchw.o
                               0x3aee (size before relaxing)
 .debug_str     0x000692cf      0x185 ./src/Vector.o
                               0x2466 (size before relaxing)
 .debug_str     0x00069454      0x160 ./src/MPC57xx__Interrupt_Init.o
                              0x674df (size before relaxing)

.debug_frame    0x00000000      0x1e4
 .debug_frame   0x00000000       0x80 ./src/mode.o
 .debug_frame   0x00000080       0x98 ./src/main_Z4_0.o
 .debug_frame   0x00000118       0x2c ./src/intc_SW_mode_isr_vectors_MPC5748G.o
 .debug_frame   0x00000144       0xa0 ./src/MPC57xx__Interrupt_Init.o
